WARN: config section [inbucket] is deprecated. Please use [local_smtp] instead.
Resetting local database...
Recreating database...
Initialising schema...
Seeding globals from roles.sql...
Skipping migration README.md... (file name must match pattern "<timestamp>_name.sql")
Applying migration 0001_extensions_and_conventions.sql...
NOTICE (42710): extension "pgcrypto" already exists, skipping
Applying migration 0002_permissions_roles_functions.sql...
Applying migration 0003_organization.sql...
NOTICE (00000): trigger "trg_legal_entities_updated_at" for relation "public.legal_entities" does not exist, skipping
NOTICE (00000): trigger "trg_branches_updated_at" for relation "public.branches" does not exist, skipping
NOTICE (00000): trigger "trg_work_sites_updated_at" for relation "public.work_sites" does not exist, skipping
NOTICE (00000): trigger "trg_cost_centers_updated_at" for relation "public.cost_centers" does not exist, skipping
NOTICE (00000): trigger "trg_departments_updated_at" for relation "public.departments" does not exist, skipping
NOTICE (00000): trigger "trg_teams_updated_at" for relation "public.teams" does not exist, skipping
NOTICE (00000): trigger "trg_positions_updated_at" for relation "public.positions" does not exist, skipping
NOTICE (00000): trigger "trg_job_titles_updated_at" for relation "public.job_titles" does not exist, skipping
NOTICE (00000): trigger "trg_job_grades_updated_at" for relation "public.job_grades" does not exist, skipping
NOTICE (00000): trigger "trg_employment_types_updated_at" for relation "public.employment_types" does not exist, skipping
NOTICE (00000): trigger "trg_geofences_updated_at" for relation "public.geofences" does not exist, skipping
NOTICE (00000): trigger "trg_shifts_updated_at" for relation "public.shifts" does not exist, skipping
NOTICE (00000): trigger "trg_shift_patterns_updated_at" for relation "public.shift_patterns" does not exist, skipping
NOTICE (00000): trigger "trg_public_holidays_updated_at" for relation "public.public_holidays" does not exist, skipping
NOTICE (00000): trigger "trg_working_calendars_updated_at" for relation "public.working_calendars" does not exist, skipping
NOTICE (00000): policy "legal_entities_select_authenticated" for relation "public.legal_entities" does not exist, skipping
NOTICE (00000): policy "legal_entities_insert_manage" for relation "public.legal_entities" does not exist, skipping
NOTICE (00000): policy "legal_entities_update_manage" for relation "public.legal_entities" does not exist, skipping
NOTICE (00000): policy "legal_entities_delete_manage" for relation "public.legal_entities" does not exist, skipping
NOTICE (00000): policy "branches_select_authenticated" for relation "public.branches" does not exist, skipping
NOTICE (00000): policy "branches_insert_manage" for relation "public.branches" does not exist, skipping
NOTICE (00000): policy "branches_update_manage" for relation "public.branches" does not exist, skipping
NOTICE (00000): policy "branches_delete_manage" for relation "public.branches" does not exist, skipping
NOTICE (00000): policy "work_sites_select_authenticated" for relation "public.work_sites" does not exist, skipping
NOTICE (00000): policy "work_sites_insert_manage" for relation "public.work_sites" does not exist, skipping
NOTICE (00000): policy "work_sites_update_manage" for relation "public.work_sites" does not exist, skipping
NOTICE (00000): policy "work_sites_delete_manage" for relation "public.work_sites" does not exist, skipping
NOTICE (00000): policy "cost_centers_select_authenticated" for relation "public.cost_centers" does not exist, skipping
NOTICE (00000): policy "cost_centers_insert_manage" for relation "public.cost_centers" does not exist, skipping
NOTICE (00000): policy "cost_centers_update_manage" for relation "public.cost_centers" does not exist, skipping
NOTICE (00000): policy "cost_centers_delete_manage" for relation "public.cost_centers" does not exist, skipping
NOTICE (00000): policy "departments_select_authenticated" for relation "public.departments" does not exist, skipping
NOTICE (00000): policy "departments_insert_manage" for relation "public.departments" does not exist, skipping
NOTICE (00000): policy "departments_update_manage" for relation "public.departments" does not exist, skipping
NOTICE (00000): policy "departments_delete_manage" for relation "public.departments" does not exist, skipping
NOTICE (00000): policy "teams_select_authenticated" for relation "public.teams" does not exist, skipping
NOTICE (00000): policy "teams_insert_manage" for relation "public.teams" does not exist, skipping
NOTICE (00000): policy "teams_update_manage" for relation "public.teams" does not exist, skipping
NOTICE (00000): policy "teams_delete_manage" for relation "public.teams" does not exist, skipping
NOTICE (00000): policy "positions_select_authenticated" for relation "public.positions" does not exist, skipping
NOTICE (00000): policy "positions_insert_manage" for relation "public.positions" does not exist, skipping
NOTICE (00000): policy "positions_update_manage" for relation "public.positions" does not exist, skipping
NOTICE (00000): policy "positions_delete_manage" for relation "public.positions" does not exist, skipping
NOTICE (00000): policy "job_titles_select_authenticated" for relation "public.job_titles" does not exist, skipping
NOTICE (00000): policy "job_titles_insert_manage" for relation "public.job_titles" does not exist, skipping
NOTICE (00000): policy "job_titles_update_manage" for relation "public.job_titles" does not exist, skipping
NOTICE (00000): policy "job_titles_delete_manage" for relation "public.job_titles" does not exist, skipping
NOTICE (00000): policy "job_grades_select_authenticated" for relation "public.job_grades" does not exist, skipping
NOTICE (00000): policy "job_grades_insert_manage" for relation "public.job_grades" does not exist, skipping
NOTICE (00000): policy "job_grades_update_manage" for relation "public.job_grades" does not exist, skipping
NOTICE (00000): policy "job_grades_delete_manage" for relation "public.job_grades" does not exist, skipping
NOTICE (00000): policy "employment_types_select_authenticated" for relation "public.employment_types" does not exist, skipping
NOTICE (00000): policy "employment_types_insert_manage" for relation "public.employment_types" does not exist, skipping
NOTICE (00000): policy "employment_types_update_manage" for relation "public.employment_types" does not exist, skipping
NOTICE (00000): policy "employment_types_delete_manage" for relation "public.employment_types" does not exist, skipping
NOTICE (00000): policy "geofences_select_authenticated" for relation "public.geofences" does not exist, skipping
NOTICE (00000): policy "geofences_insert_manage" for relation "public.geofences" does not exist, skipping
NOTICE (00000): policy "geofences_update_manage" for relation "public.geofences" does not exist, skipping
NOTICE (00000): policy "geofences_delete_manage" for relation "public.geofences" does not exist, skipping
NOTICE (00000): policy "shifts_select_authenticated" for relation "public.shifts" does not exist, skipping
NOTICE (00000): policy "shifts_insert_manage" for relation "public.shifts" does not exist, skipping
NOTICE (00000): policy "shifts_update_manage" for relation "public.shifts" does not exist, skipping
NOTICE (00000): policy "shifts_delete_manage" for relation "public.shifts" does not exist, skipping
NOTICE (00000): policy "shift_patterns_select_authenticated" for relation "public.shift_patterns" does not exist, skipping
NOTICE (00000): policy "shift_patterns_insert_manage" for relation "public.shift_patterns" does not exist, skipping
NOTICE (00000): policy "shift_patterns_update_manage" for relation "public.shift_patterns" does not exist, skipping
NOTICE (00000): policy "shift_patterns_delete_manage" for relation "public.shift_patterns" does not exist, skipping
NOTICE (00000): policy "public_holidays_select_authenticated" for relation "public.public_holidays" does not exist, skipping
NOTICE (00000): policy "public_holidays_insert_manage" for relation "public.public_holidays" does not exist, skipping
NOTICE (00000): policy "public_holidays_update_manage" for relation "public.public_holidays" does not exist, skipping
NOTICE (00000): policy "public_holidays_delete_manage" for relation "public.public_holidays" does not exist, skipping
NOTICE (00000): policy "working_calendars_select_authenticated" for relation "public.working_calendars" does not exist, skipping
NOTICE (00000): policy "working_calendars_insert_manage" for relation "public.working_calendars" does not exist, skipping
NOTICE (00000): policy "working_calendars_update_manage" for relation "public.working_calendars" does not exist, skipping
NOTICE (00000): policy "working_calendars_delete_manage" for relation "public.working_calendars" does not exist, skipping
Applying migration 0004_employees.sql...
NOTICE (00000): trigger "trg_employees_updated_at" for relation "public.employees" does not exist, skipping
NOTICE (00000): trigger "trg_employees_protect_job_fields" for relation "public.employees" does not exist, skipping
NOTICE (00000): policy "employees_select" for relation "public.employees" does not exist, skipping
NOTICE (00000): policy "employees_insert" for relation "public.employees" does not exist, skipping
NOTICE (00000): policy "employees_update" for relation "public.employees" does not exist, skipping
NOTICE (00000): policy "employees_delete" for relation "public.employees" does not exist, skipping
NOTICE (00000): trigger "trg_profiles_updated_at" for relation "public.profiles" does not exist, skipping
NOTICE (00000): trigger "trg_profiles_protect_sensitive" for relation "public.profiles" does not exist, skipping
NOTICE (00000): policy "profiles_select" for relation "public.profiles" does not exist, skipping
NOTICE (00000): policy "profiles_insert" for relation "public.profiles" does not exist, skipping
NOTICE (00000): policy "profiles_update" for relation "public.profiles" does not exist, skipping
NOTICE (00000): policy "profiles_delete" for relation "public.profiles" does not exist, skipping
NOTICE (00000): trigger "trg_manager_relations_updated_at" for relation "public.manager_relations" does not exist, skipping
NOTICE (00000): policy "manager_relations_select" for relation "public.manager_relations" does not exist, skipping
NOTICE (00000): policy "manager_relations_insert" for relation "public.manager_relations" does not exist, skipping
NOTICE (00000): policy "manager_relations_update" for relation "public.manager_relations" does not exist, skipping
NOTICE (00000): policy "manager_relations_delete" for relation "public.manager_relations" does not exist, skipping
NOTICE (00000): trigger "trg_employee_assignments_updated_at" for relation "public.employee_assignments" does not exist, skipping
NOTICE (00000): policy "employee_assignments_select" for relation "public.employee_assignments" does not exist, skipping
NOTICE (00000): policy "employee_assignments_insert" for relation "public.employee_assignments" does not exist, skipping
NOTICE (00000): policy "employee_assignments_update" for relation "public.employee_assignments" does not exist, skipping
NOTICE (00000): policy "employee_assignments_delete" for relation "public.employee_assignments" does not exist, skipping
NOTICE (00000): trigger "trg_employee_documents_updated_at" for relation "public.employee_documents" does not exist, skipping
NOTICE (00000): policy "employee_documents_select" for relation "public.employee_documents" does not exist, skipping
NOTICE (00000): policy "employee_documents_insert" for relation "public.employee_documents" does not exist, skipping
NOTICE (00000): policy "employee_documents_update" for relation "public.employee_documents" does not exist, skipping
NOTICE (00000): policy "employee_documents_delete" for relation "public.employee_documents" does not exist, skipping
NOTICE (00000): trigger "trg_employee_skills_updated_at" for relation "public.employee_skills" does not exist, skipping
NOTICE (00000): policy "employee_skills_select" for relation "public.employee_skills" does not exist, skipping
NOTICE (00000): policy "employee_skills_insert" for relation "public.employee_skills" does not exist, skipping
NOTICE (00000): policy "employee_skills_update" for relation "public.employee_skills" does not exist, skipping
NOTICE (00000): policy "employee_skills_delete" for relation "public.employee_skills" does not exist, skipping
NOTICE (00000): trigger "trg_employee_certifications_updated_at" for relation "public.employee_certifications" does not exist, skipping
NOTICE (00000): policy "employee_certifications_select" for relation "public.employee_certifications" does not exist, skipping
NOTICE (00000): policy "employee_certifications_insert" for relation "public.employee_certifications" does not exist, skipping
NOTICE (00000): policy "employee_certifications_update" for relation "public.employee_certifications" does not exist, skipping
NOTICE (00000): policy "employee_certifications_delete" for relation "public.employee_certifications" does not exist, skipping
Applying migration 0005_attendance.sql...
NOTICE (00000): trigger "trg_shift_assignments_updated_at" for relation "public.shift_assignments" does not exist, skipping
NOTICE (00000): trigger "trg_passkey_credentials_updated_at" for relation "public.passkey_credentials" does not exist, skipping
NOTICE (00000): trigger "trg_passkey_force_untrusted" for relation "public.passkey_credentials" does not exist, skipping
NOTICE (00000): trigger "trg_webauthn_challenges_updated_at" for relation "public.webauthn_challenges" does not exist, skipping
NOTICE (00000): trigger "trg_attendance_events_updated_at" for relation "public.attendance_events" does not exist, skipping
NOTICE (00000): trigger "trg_attendance_daily_updated_at" for relation "public.attendance_daily" does not exist, skipping
NOTICE (00000): trigger "trg_att_identity_checks_updated_at" for relation "public.attendance_identity_checks" does not exist, skipping
NOTICE (00000): trigger "trg_att_risk_events_updated_at" for relation "public.attendance_risk_events" does not exist, skipping
NOTICE (00000): trigger "trg_att_exceptions_updated_at" for relation "public.attendance_exceptions" does not exist, skipping
NOTICE (00000): trigger "trg_att_permits_updated_at" for relation "public.attendance_permits" does not exist, skipping
Applying migration 0006_requests_workflow.sql...
NOTICE (00000): trigger "trg_leave_types_updated_at" for relation "public.leave_types" does not exist, skipping
NOTICE (00000): policy "leave_types_select" for relation "public.leave_types" does not exist, skipping
NOTICE (00000): policy "leave_types_write" for relation "public.leave_types" does not exist, skipping
NOTICE (00000): trigger "trg_workflow_definitions_updated_at" for relation "public.workflow_definitions" does not exist, skipping
NOTICE (00000): policy "workflow_definitions_select" for relation "public.workflow_definitions" does not exist, skipping
NOTICE (00000): policy "workflow_definitions_write" for relation "public.workflow_definitions" does not exist, skipping
NOTICE (00000): trigger "trg_workflow_steps_updated_at" for relation "public.workflow_steps" does not exist, skipping
NOTICE (00000): policy "workflow_steps_select" for relation "public.workflow_steps" does not exist, skipping
NOTICE (00000): policy "workflow_steps_write" for relation "public.workflow_steps" does not exist, skipping
NOTICE (00000): trigger "trg_requests_updated_at" for relation "public.requests" does not exist, skipping
NOTICE (00000): policy "requests_select" for relation "public.requests" does not exist, skipping
NOTICE (00000): policy "requests_insert" for relation "public.requests" does not exist, skipping
NOTICE (00000): policy "requests_update" for relation "public.requests" does not exist, skipping
NOTICE (00000): trigger "trg_leave_requests_updated_at" for relation "public.leave_requests" does not exist, skipping
NOTICE (00000): policy "leave_requests_select" for relation "public.leave_requests" does not exist, skipping
NOTICE (00000): policy "leave_requests_insert" for relation "public.leave_requests" does not exist, skipping
NOTICE (00000): policy "leave_requests_update" for relation "public.leave_requests" does not exist, skipping
NOTICE (00000): trigger "trg_missions_updated_at" for relation "public.missions" does not exist, skipping
NOTICE (00000): policy "missions_select" for relation "public.missions" does not exist, skipping
NOTICE (00000): policy "missions_insert" for relation "public.missions" does not exist, skipping
NOTICE (00000): policy "missions_update" for relation "public.missions" does not exist, skipping
NOTICE (00000): trigger "trg_convoy_requests_updated_at" for relation "public.convoy_requests" does not exist, skipping
NOTICE (00000): policy "convoy_requests_select" for relation "public.convoy_requests" does not exist, skipping
NOTICE (00000): policy "convoy_requests_insert" for relation "public.convoy_requests" does not exist, skipping
NOTICE (00000): policy "convoy_requests_update" for relation "public.convoy_requests" does not exist, skipping
NOTICE (00000): trigger "trg_request_steps_updated_at" for relation "public.request_steps" does not exist, skipping
NOTICE (00000): policy "request_steps_select" for relation "public.request_steps" does not exist, skipping
NOTICE (00000): policy "request_steps_update" for relation "public.request_steps" does not exist, skipping
NOTICE (00000): policy "request_steps_insert" for relation "public.request_steps" does not exist, skipping
NOTICE (00000): trigger "trg_request_actions_updated_at" for relation "public.request_actions" does not exist, skipping
NOTICE (00000): policy "request_actions_select" for relation "public.request_actions" does not exist, skipping
NOTICE (00000): policy "request_actions_insert" for relation "public.request_actions" does not exist, skipping
NOTICE (00000): trigger "trg_workflow_instances_updated_at" for relation "public.workflow_instances" does not exist, skipping
NOTICE (00000): policy "workflow_instances_select" for relation "public.workflow_instances" does not exist, skipping
NOTICE (00000): policy "workflow_instances_write" for relation "public.workflow_instances" does not exist, skipping
Applying migration 0007_kpi_performance.sql...
NOTICE (00000): trigger "trg_kpi_cycles_updated_at" for relation "public.kpi_cycles" does not exist, skipping
NOTICE (00000): policy "kpi_cycles_select" for relation "public.kpi_cycles" does not exist, skipping
NOTICE (00000): policy "kpi_cycles_insert" for relation "public.kpi_cycles" does not exist, skipping
NOTICE (00000): policy "kpi_cycles_update" for relation "public.kpi_cycles" does not exist, skipping
NOTICE (00000): policy "kpi_cycles_delete" for relation "public.kpi_cycles" does not exist, skipping
NOTICE (00000): trigger "trg_kpi_templates_updated_at" for relation "public.kpi_templates" does not exist, skipping
NOTICE (00000): policy "kpi_templates_select" for relation "public.kpi_templates" does not exist, skipping
NOTICE (00000): policy "kpi_templates_insert" for relation "public.kpi_templates" does not exist, skipping
NOTICE (00000): policy "kpi_templates_update" for relation "public.kpi_templates" does not exist, skipping
NOTICE (00000): policy "kpi_templates_delete" for relation "public.kpi_templates" does not exist, skipping
NOTICE (00000): trigger "trg_kpi_criteria_updated_at" for relation "public.kpi_criteria" does not exist, skipping
NOTICE (00000): policy "kpi_criteria_select" for relation "public.kpi_criteria" does not exist, skipping
NOTICE (00000): policy "kpi_criteria_insert" for relation "public.kpi_criteria" does not exist, skipping
NOTICE (00000): policy "kpi_criteria_update" for relation "public.kpi_criteria" does not exist, skipping
NOTICE (00000): policy "kpi_criteria_delete" for relation "public.kpi_criteria" does not exist, skipping
NOTICE (00000): trigger "trg_kpi_evaluations_updated_at" for relation "public.kpi_evaluations" does not exist, skipping
NOTICE (00000): policy "kpi_evaluations_select" for relation "public.kpi_evaluations" does not exist, skipping
NOTICE (00000): policy "kpi_evaluations_insert" for relation "public.kpi_evaluations" does not exist, skipping
NOTICE (00000): policy "kpi_evaluations_update" for relation "public.kpi_evaluations" does not exist, skipping
NOTICE (00000): policy "kpi_evaluations_delete" for relation "public.kpi_evaluations" does not exist, skipping
NOTICE (00000): trigger "trg_kpi_scores_updated_at" for relation "public.kpi_scores" does not exist, skipping
NOTICE (00000): policy "kpi_scores_select" for relation "public.kpi_scores" does not exist, skipping
NOTICE (00000): policy "kpi_scores_insert" for relation "public.kpi_scores" does not exist, skipping
NOTICE (00000): policy "kpi_scores_update" for relation "public.kpi_scores" does not exist, skipping
NOTICE (00000): policy "kpi_scores_delete" for relation "public.kpi_scores" does not exist, skipping
NOTICE (00000): trigger "trg_monthly_evaluations_updated_at" for relation "public.monthly_evaluations" does not exist, skipping
NOTICE (00000): policy "monthly_evaluations_select" for relation "public.monthly_evaluations" does not exist, skipping
NOTICE (00000): policy "monthly_evaluations_insert" for relation "public.monthly_evaluations" does not exist, skipping
NOTICE (00000): policy "monthly_evaluations_update" for relation "public.monthly_evaluations" does not exist, skipping
NOTICE (00000): policy "monthly_evaluations_delete" for relation "public.monthly_evaluations" does not exist, skipping
NOTICE (00000): trigger "trg_goal_objectives_updated_at" for relation "public.goal_objectives" does not exist, skipping
NOTICE (00000): policy "goal_objectives_select" for relation "public.goal_objectives" does not exist, skipping
NOTICE (00000): policy "goal_objectives_insert" for relation "public.goal_objectives" does not exist, skipping
NOTICE (00000): policy "goal_objectives_update" for relation "public.goal_objectives" does not exist, skipping
NOTICE (00000): policy "goal_objectives_delete" for relation "public.goal_objectives" does not exist, skipping
NOTICE (00000): trigger "trg_goal_key_results_updated_at" for relation "public.goal_key_results" does not exist, skipping
NOTICE (00000): policy "goal_key_results_select" for relation "public.goal_key_results" does not exist, skipping
NOTICE (00000): policy "goal_key_results_insert" for relation "public.goal_key_results" does not exist, skipping
NOTICE (00000): policy "goal_key_results_update" for relation "public.goal_key_results" does not exist, skipping
NOTICE (00000): policy "goal_key_results_delete" for relation "public.goal_key_results" does not exist, skipping
NOTICE (00000): trigger "trg_goal_checkins_updated_at" for relation "public.goal_checkins" does not exist, skipping
NOTICE (00000): policy "goal_checkins_select" for relation "public.goal_checkins" does not exist, skipping
NOTICE (00000): policy "goal_checkins_insert" for relation "public.goal_checkins" does not exist, skipping
NOTICE (00000): policy "goal_checkins_update" for relation "public.goal_checkins" does not exist, skipping
NOTICE (00000): policy "goal_checkins_delete" for relation "public.goal_checkins" does not exist, skipping
NOTICE (00000): trigger "trg_feedback_rounds_updated_at" for relation "public.feedback_rounds" does not exist, skipping
NOTICE (00000): policy "feedback_rounds_select" for relation "public.feedback_rounds" does not exist, skipping
NOTICE (00000): policy "feedback_rounds_insert" for relation "public.feedback_rounds" does not exist, skipping
NOTICE (00000): policy "feedback_rounds_update" for relation "public.feedback_rounds" does not exist, skipping
NOTICE (00000): policy "feedback_rounds_delete" for relation "public.feedback_rounds" does not exist, skipping
NOTICE (00000): trigger "trg_feedback_raters_updated_at" for relation "public.feedback_raters" does not exist, skipping
NOTICE (00000): policy "feedback_raters_select" for relation "public.feedback_raters" does not exist, skipping
NOTICE (00000): policy "feedback_raters_insert" for relation "public.feedback_raters" does not exist, skipping
NOTICE (00000): policy "feedback_raters_update" for relation "public.feedback_raters" does not exist, skipping
NOTICE (00000): policy "feedback_raters_delete" for relation "public.feedback_raters" does not exist, skipping
NOTICE (00000): trigger "trg_competencies_updated_at" for relation "public.competencies" does not exist, skipping
NOTICE (00000): policy "competencies_select" for relation "public.competencies" does not exist, skipping
NOTICE (00000): policy "competencies_insert" for relation "public.competencies" does not exist, skipping
NOTICE (00000): policy "competencies_update" for relation "public.competencies" does not exist, skipping
NOTICE (00000): policy "competencies_delete" for relation "public.competencies" does not exist, skipping
NOTICE (00000): trigger "trg_competency_levels_updated_at" for relation "public.competency_levels" does not exist, skipping
NOTICE (00000): policy "competency_levels_select" for relation "public.competency_levels" does not exist, skipping
NOTICE (00000): policy "competency_levels_insert" for relation "public.competency_levels" does not exist, skipping
NOTICE (00000): policy "competency_levels_update" for relation "public.competency_levels" does not exist, skipping
NOTICE (00000): policy "competency_levels_delete" for relation "public.competency_levels" does not exist, skipping
NOTICE (00000): trigger "trg_role_competency_profiles_updated_at" for relation "public.role_competency_profiles" does not exist, skipping
NOTICE (00000): policy "role_competency_profiles_select" for relation "public.role_competency_profiles" does not exist, skipping
NOTICE (00000): policy "role_competency_profiles_insert" for relation "public.role_competency_profiles" does not exist, skipping
NOTICE (00000): policy "role_competency_profiles_update" for relation "public.role_competency_profiles" does not exist, skipping
NOTICE (00000): policy "role_competency_profiles_delete" for relation "public.role_competency_profiles" does not exist, skipping
NOTICE (00000): trigger "trg_emp_comp_assess_updated_at" for relation "public.employee_competency_assessments" does not exist, skipping
NOTICE (00000): policy "emp_comp_assess_select" for relation "public.employee_competency_assessments" does not exist, skipping
NOTICE (00000): policy "emp_comp_assess_insert" for relation "public.employee_competency_assessments" does not exist, skipping
NOTICE (00000): policy "emp_comp_assess_update" for relation "public.employee_competency_assessments" does not exist, skipping
NOTICE (00000): policy "emp_comp_assess_delete" for relation "public.employee_competency_assessments" does not exist, skipping
NOTICE (00000): trigger "trg_calibration_sessions_updated_at" for relation "public.calibration_sessions" does not exist, skipping
NOTICE (00000): policy "calibration_sessions_select" for relation "public.calibration_sessions" does not exist, skipping
NOTICE (00000): policy "calibration_sessions_insert" for relation "public.calibration_sessions" does not exist, skipping
NOTICE (00000): policy "calibration_sessions_update" for relation "public.calibration_sessions" does not exist, skipping
NOTICE (00000): policy "calibration_sessions_delete" for relation "public.calibration_sessions" does not exist, skipping
NOTICE (00000): trigger "trg_review_cycle_templates_updated_at" for relation "public.review_cycle_templates" does not exist, skipping
NOTICE (00000): policy "review_cycle_templates_select" for relation "public.review_cycle_templates" does not exist, skipping
NOTICE (00000): policy "review_cycle_templates_insert" for relation "public.review_cycle_templates" does not exist, skipping
NOTICE (00000): policy "review_cycle_templates_update" for relation "public.review_cycle_templates" does not exist, skipping
NOTICE (00000): policy "review_cycle_templates_delete" for relation "public.review_cycle_templates" does not exist, skipping
NOTICE (00000): trigger "trg_review_cycle_instances_updated_at" for relation "public.review_cycle_instances" does not exist, skipping
NOTICE (00000): policy "review_cycle_instances_select" for relation "public.review_cycle_instances" does not exist, skipping
NOTICE (00000): policy "review_cycle_instances_insert" for relation "public.review_cycle_instances" does not exist, skipping
NOTICE (00000): policy "review_cycle_instances_update" for relation "public.review_cycle_instances" does not exist, skipping
NOTICE (00000): policy "review_cycle_instances_delete" for relation "public.review_cycle_instances" does not exist, skipping
NOTICE (00000): trigger "trg_improvement_plans_updated_at" for relation "public.improvement_plans" does not exist, skipping
NOTICE (00000): policy "improvement_plans_select" for relation "public.improvement_plans" does not exist, skipping
NOTICE (00000): policy "improvement_plans_insert" for relation "public.improvement_plans" does not exist, skipping
NOTICE (00000): policy "improvement_plans_update" for relation "public.improvement_plans" does not exist, skipping
NOTICE (00000): policy "improvement_plans_delete" for relation "public.improvement_plans" does not exist, skipping
NOTICE (00000): trigger "trg_one_on_ones_updated_at" for relation "public.one_on_ones" does not exist, skipping
NOTICE (00000): policy "one_on_ones_select" for relation "public.one_on_ones" does not exist, skipping
NOTICE (00000): policy "one_on_ones_insert" for relation "public.one_on_ones" does not exist, skipping
NOTICE (00000): policy "one_on_ones_update" for relation "public.one_on_ones" does not exist, skipping
NOTICE (00000): policy "one_on_ones_delete" for relation "public.one_on_ones" does not exist, skipping
Applying migration 0008_communications_disputes.sql...
NOTICE (00000): trigger "trg_admin_decisions_updated_at" for relation "public.administrative_decisions" does not exist, skipping
NOTICE (00000): policy "admin_decisions_select" for relation "public.administrative_decisions" does not exist, skipping
NOTICE (00000): policy "admin_decisions_write" for relation "public.administrative_decisions" does not exist, skipping
NOTICE (00000): policy "decision_recipients_select" for relation "public.decision_recipients" does not exist, skipping
NOTICE (00000): policy "decision_recipients_write" for relation "public.decision_recipients" does not exist, skipping
NOTICE (00000): trigger "trg_decision_reads_updated_at" for relation "public.decision_reads" does not exist, skipping
NOTICE (00000): policy "decision_reads_select" for relation "public.decision_reads" does not exist, skipping
NOTICE (00000): policy "decision_reads_insert" for relation "public.decision_reads" does not exist, skipping
NOTICE (00000): policy "decision_reads_update" for relation "public.decision_reads" does not exist, skipping
NOTICE (00000): trigger "trg_announcements_updated_at" for relation "public.announcements" does not exist, skipping
NOTICE (00000): policy "announcements_select" for relation "public.announcements" does not exist, skipping
NOTICE (00000): policy "announcements_write" for relation "public.announcements" does not exist, skipping
NOTICE (00000): policy "ann_ack_select" for relation "public.announcement_acknowledgements" does not exist, skipping
NOTICE (00000): policy "ann_ack_insert" for relation "public.announcement_acknowledgements" does not exist, skipping
NOTICE (00000): trigger "trg_surveys_updated_at" for relation "public.surveys" does not exist, skipping
NOTICE (00000): policy "surveys_select" for relation "public.surveys" does not exist, skipping
NOTICE (00000): policy "surveys_write" for relation "public.surveys" does not exist, skipping
NOTICE (00000): trigger "trg_survey_questions_updated_at" for relation "public.survey_questions" does not exist, skipping
NOTICE (00000): policy "survey_questions_select" for relation "public.survey_questions" does not exist, skipping
NOTICE (00000): policy "survey_questions_write" for relation "public.survey_questions" does not exist, skipping
NOTICE (00000): policy "survey_responses_select" for relation "public.survey_responses" does not exist, skipping
NOTICE (00000): policy "survey_responses_insert" for relation "public.survey_responses" does not exist, skipping
NOTICE (00000): trigger "trg_suggestions_updated_at" for relation "public.suggestions" does not exist, skipping
NOTICE (00000): policy "suggestions_select" for relation "public.suggestions" does not exist, skipping
NOTICE (00000): policy "suggestions_insert" for relation "public.suggestions" does not exist, skipping
NOTICE (00000): policy "suggestions_update" for relation "public.suggestions" does not exist, skipping
NOTICE (00000): policy "suggestions_delete" for relation "public.suggestions" does not exist, skipping
NOTICE (00000): trigger "trg_recognitions_updated_at" for relation "public.recognitions" does not exist, skipping
NOTICE (00000): policy "recognitions_select" for relation "public.recognitions" does not exist, skipping
NOTICE (00000): policy "recognitions_insert" for relation "public.recognitions" does not exist, skipping
NOTICE (00000): policy "recognitions_write" for relation "public.recognitions" does not exist, skipping
NOTICE (00000): trigger "trg_notifications_updated_at" for relation "public.notifications" does not exist, skipping
NOTICE (00000): policy "notifications_select" for relation "public.notifications" does not exist, skipping
NOTICE (00000): policy "notifications_insert" for relation "public.notifications" does not exist, skipping
NOTICE (00000): policy "notifications_update" for relation "public.notifications" does not exist, skipping
NOTICE (00000): policy "notifications_delete" for relation "public.notifications" does not exist, skipping
NOTICE (00000): trigger "trg_push_subs_updated_at" for relation "public.push_subscriptions" does not exist, skipping
NOTICE (00000): policy "push_subs_select" for relation "public.push_subscriptions" does not exist, skipping
NOTICE (00000): policy "push_subs_insert" for relation "public.push_subscriptions" does not exist, skipping
NOTICE (00000): policy "push_subs_update" for relation "public.push_subscriptions" does not exist, skipping
NOTICE (00000): policy "push_subs_delete" for relation "public.push_subscriptions" does not exist, skipping
NOTICE (00000): trigger "trg_notif_delivery_updated_at" for relation "public.notification_delivery_log" does not exist, skipping
NOTICE (00000): policy "notif_delivery_select" for relation "public.notification_delivery_log" does not exist, skipping
NOTICE (00000): policy "notif_delivery_write" for relation "public.notification_delivery_log" does not exist, skipping
NOTICE (00000): trigger "trg_dispute_cases_updated_at" for relation "public.dispute_cases" does not exist, skipping
NOTICE (00000): policy "dispute_cases_select" for relation "public.dispute_cases" does not exist, skipping
NOTICE (00000): policy "dispute_cases_insert" for relation "public.dispute_cases" does not exist, skipping
NOTICE (00000): policy "dispute_cases_update" for relation "public.dispute_cases" does not exist, skipping
NOTICE (00000): policy "dispute_cases_delete" for relation "public.dispute_cases" does not exist, skipping
NOTICE (00000): trigger "trg_dispute_sessions_updated_at" for relation "public.dispute_sessions" does not exist, skipping
NOTICE (00000): policy "dispute_sessions_select" for relation "public.dispute_sessions" does not exist, skipping
NOTICE (00000): policy "dispute_sessions_write" for relation "public.dispute_sessions" does not exist, skipping
NOTICE (00000): trigger "trg_dispute_evidence_updated_at" for relation "public.dispute_evidence" does not exist, skipping
NOTICE (00000): policy "dispute_evidence_select" for relation "public.dispute_evidence" does not exist, skipping
NOTICE (00000): policy "dispute_evidence_write" for relation "public.dispute_evidence" does not exist, skipping
NOTICE (00000): trigger "trg_committee_members_updated_at" for relation "public.committee_members" does not exist, skipping
NOTICE (00000): policy "committee_members_select" for relation "public.committee_members" does not exist, skipping
NOTICE (00000): policy "committee_members_write" for relation "public.committee_members" does not exist, skipping
Applying migration 0009_documents_tasks_policies.sql...
NOTICE (00000): trigger "trg_documents_updated_at" for relation "public.documents" does not exist, skipping
NOTICE (00000): policy "documents_select" for relation "public.documents" does not exist, skipping
NOTICE (00000): policy "documents_insert" for relation "public.documents" does not exist, skipping
NOTICE (00000): policy "documents_update" for relation "public.documents" does not exist, skipping
NOTICE (00000): policy "documents_delete" for relation "public.documents" does not exist, skipping
NOTICE (00000): trigger "trg_attachments_updated_at" for relation "public.attachments" does not exist, skipping
NOTICE (00000): policy "attachments_select" for relation "public.attachments" does not exist, skipping
NOTICE (00000): policy "attachments_insert" for relation "public.attachments" does not exist, skipping
NOTICE (00000): policy "attachments_update" for relation "public.attachments" does not exist, skipping
NOTICE (00000): policy "attachments_delete" for relation "public.attachments" does not exist, skipping
NOTICE (00000): trigger "trg_tasks_updated_at" for relation "public.tasks" does not exist, skipping
NOTICE (00000): policy "tasks_select" for relation "public.tasks" does not exist, skipping
NOTICE (00000): policy "tasks_insert" for relation "public.tasks" does not exist, skipping
NOTICE (00000): policy "tasks_update" for relation "public.tasks" does not exist, skipping
NOTICE (00000): policy "tasks_delete" for relation "public.tasks" does not exist, skipping
NOTICE (00000): trigger "trg_task_templates_updated_at" for relation "public.task_templates" does not exist, skipping
NOTICE (00000): policy "task_templates_select" for relation "public.task_templates" does not exist, skipping
NOTICE (00000): policy "task_templates_insert" for relation "public.task_templates" does not exist, skipping
NOTICE (00000): policy "task_templates_update" for relation "public.task_templates" does not exist, skipping
NOTICE (00000): policy "task_templates_delete" for relation "public.task_templates" does not exist, skipping
NOTICE (00000): trigger "trg_policies_updated_at" for relation "public.policies" does not exist, skipping
NOTICE (00000): policy "policies_select_published" for relation "public.policies" does not exist, skipping
NOTICE (00000): policy "policies_select_manage" for relation "public.policies" does not exist, skipping
NOTICE (00000): policy "policies_insert" for relation "public.policies" does not exist, skipping
NOTICE (00000): policy "policies_update" for relation "public.policies" does not exist, skipping
NOTICE (00000): policy "policies_delete" for relation "public.policies" does not exist, skipping
NOTICE (00000): trigger "trg_policy_ack_updated_at" for relation "public.policy_acknowledgements" does not exist, skipping
NOTICE (00000): policy "policy_ack_select" for relation "public.policy_acknowledgements" does not exist, skipping
NOTICE (00000): policy "policy_ack_insert" for relation "public.policy_acknowledgements" does not exist, skipping
NOTICE (00000): policy "policy_ack_delete" for relation "public.policy_acknowledgements" does not exist, skipping
NOTICE (00000): trigger "trg_daily_reports_updated_at" for relation "public.daily_reports" does not exist, skipping
NOTICE (00000): policy "daily_reports_select" for relation "public.daily_reports" does not exist, skipping
NOTICE (00000): policy "daily_reports_insert" for relation "public.daily_reports" does not exist, skipping
NOTICE (00000): policy "daily_reports_update" for relation "public.daily_reports" does not exist, skipping
NOTICE (00000): policy "daily_reports_delete" for relation "public.daily_reports" does not exist, skipping
NOTICE (00000): trigger "trg_asset_inventory_updated_at" for relation "public.asset_inventory" does not exist, skipping
NOTICE (00000): policy "asset_inventory_select" for relation "public.asset_inventory" does not exist, skipping
NOTICE (00000): policy "asset_inventory_insert" for relation "public.asset_inventory" does not exist, skipping
NOTICE (00000): policy "asset_inventory_update" for relation "public.asset_inventory" does not exist, skipping
NOTICE (00000): policy "asset_inventory_delete" for relation "public.asset_inventory" does not exist, skipping
NOTICE (00000): trigger "trg_asset_assignments_updated_at" for relation "public.asset_assignments" does not exist, skipping
NOTICE (00000): policy "asset_assignments_select" for relation "public.asset_assignments" does not exist, skipping
NOTICE (00000): policy "asset_assignments_insert" for relation "public.asset_assignments" does not exist, skipping
NOTICE (00000): policy "asset_assignments_update" for relation "public.asset_assignments" does not exist, skipping
NOTICE (00000): policy "asset_assignments_delete" for relation "public.asset_assignments" does not exist, skipping
NOTICE (00000): trigger "trg_projects_updated_at" for relation "public.projects" does not exist, skipping
NOTICE (00000): policy "projects_select" for relation "public.projects" does not exist, skipping
NOTICE (00000): policy "projects_insert" for relation "public.projects" does not exist, skipping
NOTICE (00000): policy "projects_update" for relation "public.projects" does not exist, skipping
NOTICE (00000): policy "projects_delete" for relation "public.projects" does not exist, skipping
NOTICE (00000): trigger "trg_project_members_updated_at" for relation "public.project_members" does not exist, skipping
NOTICE (00000): policy "project_members_select" for relation "public.project_members" does not exist, skipping
NOTICE (00000): policy "project_members_insert" for relation "public.project_members" does not exist, skipping
NOTICE (00000): policy "project_members_update" for relation "public.project_members" does not exist, skipping
NOTICE (00000): policy "project_members_delete" for relation "public.project_members" does not exist, skipping
NOTICE (00000): trigger "trg_meetings_updated_at" for relation "public.meetings" does not exist, skipping
NOTICE (00000): policy "meetings_select" for relation "public.meetings" does not exist, skipping
NOTICE (00000): policy "meetings_insert" for relation "public.meetings" does not exist, skipping
NOTICE (00000): policy "meetings_update" for relation "public.meetings" does not exist, skipping
NOTICE (00000): policy "meetings_delete" for relation "public.meetings" does not exist, skipping
NOTICE (00000): trigger "trg_meeting_minutes_updated_at" for relation "public.meeting_minutes" does not exist, skipping
NOTICE (00000): policy "meeting_minutes_select" for relation "public.meeting_minutes" does not exist, skipping
NOTICE (00000): policy "meeting_minutes_insert" for relation "public.meeting_minutes" does not exist, skipping
NOTICE (00000): policy "meeting_minutes_update" for relation "public.meeting_minutes" does not exist, skipping
NOTICE (00000): policy "meeting_minutes_delete" for relation "public.meeting_minutes" does not exist, skipping
NOTICE (00000): trigger "trg_decision_register_updated_at" for relation "public.decision_register" does not exist, skipping
NOTICE (00000): policy "decision_register_select" for relation "public.decision_register" does not exist, skipping
NOTICE (00000): policy "decision_register_insert" for relation "public.decision_register" does not exist, skipping
NOTICE (00000): policy "decision_register_update" for relation "public.decision_register" does not exist, skipping
NOTICE (00000): policy "decision_register_delete" for relation "public.decision_register" does not exist, skipping
NOTICE (00000): trigger "trg_risks_updated_at" for relation "public.risks" does not exist, skipping
NOTICE (00000): policy "risks_select" for relation "public.risks" does not exist, skipping
NOTICE (00000): policy "risks_insert" for relation "public.risks" does not exist, skipping
NOTICE (00000): policy "risks_update" for relation "public.risks" does not exist, skipping
NOTICE (00000): policy "risks_delete" for relation "public.risks" does not exist, skipping
NOTICE (00000): trigger "trg_incidents_updated_at" for relation "public.incidents" does not exist, skipping
NOTICE (00000): policy "incidents_select" for relation "public.incidents" does not exist, skipping
NOTICE (00000): policy "incidents_insert" for relation "public.incidents" does not exist, skipping
NOTICE (00000): policy "incidents_update" for relation "public.incidents" does not exist, skipping
NOTICE (00000): policy "incidents_delete" for relation "public.incidents" does not exist, skipping
NOTICE (00000): trigger "trg_knowledge_articles_updated_at" for relation "public.knowledge_articles" does not exist, skipping
NOTICE (00000): policy "knowledge_articles_select_published" for relation "public.knowledge_articles" does not exist, skipping
NOTICE (00000): policy "knowledge_articles_select_manage" for relation "public.knowledge_articles" does not exist, skipping
NOTICE (00000): policy "knowledge_articles_insert" for relation "public.knowledge_articles" does not exist, skipping
NOTICE (00000): policy "knowledge_articles_update" for relation "public.knowledge_articles" does not exist, skipping
NOTICE (00000): policy "knowledge_articles_delete" for relation "public.knowledge_articles" does not exist, skipping
NOTICE (00000): trigger "trg_hr_tickets_updated_at" for relation "public.hr_tickets" does not exist, skipping
NOTICE (00000): policy "hr_tickets_select" for relation "public.hr_tickets" does not exist, skipping
NOTICE (00000): policy "hr_tickets_insert" for relation "public.hr_tickets" does not exist, skipping
NOTICE (00000): policy "hr_tickets_update" for relation "public.hr_tickets" does not exist, skipping
NOTICE (00000): policy "hr_tickets_delete" for relation "public.hr_tickets" does not exist, skipping
NOTICE (00000): trigger "trg_ticket_messages_updated_at" for relation "public.ticket_messages" does not exist, skipping
NOTICE (00000): policy "ticket_messages_select" for relation "public.ticket_messages" does not exist, skipping
NOTICE (00000): policy "ticket_messages_insert" for relation "public.ticket_messages" does not exist, skipping
NOTICE (00000): policy "ticket_messages_update" for relation "public.ticket_messages" does not exist, skipping
NOTICE (00000): policy "ticket_messages_delete" for relation "public.ticket_messages" does not exist, skipping
Applying migration 0010_recruitment_onboarding.sql...
NOTICE (00000): trigger "trg_job_requisitions_updated_at" for relation "public.job_requisitions" does not exist, skipping
NOTICE (00000): trigger "trg_req_approvals_updated_at" for relation "public.job_requisition_approvals" does not exist, skipping
NOTICE (00000): trigger "trg_job_postings_updated_at" for relation "public.job_postings" does not exist, skipping
NOTICE (42710): extension "citext" already exists, skipping
NOTICE (00000): trigger "trg_candidates_updated_at" for relation "public.candidates" does not exist, skipping
NOTICE (00000): trigger "trg_candidate_documents_updated_at" for relation "public.candidate_documents" does not exist, skipping
NOTICE (00000): trigger "trg_applications_updated_at" for relation "public.applications" does not exist, skipping
NOTICE (00000): trigger "trg_pipeline_stages_updated_at" for relation "public.pipeline_stages" does not exist, skipping
NOTICE (00000): trigger "trg_stage_history_updated_at" for relation "public.application_stage_history" does not exist, skipping
NOTICE (00000): trigger "trg_current_state_updated_at" for relation "public.application_current_state" does not exist, skipping
NOTICE (00000): trigger "trg_interviews_updated_at" for relation "public.interviews" does not exist, skipping
NOTICE (00000): trigger "trg_interview_panel_updated_at" for relation "public.interview_panel" does not exist, skipping
NOTICE (00000): trigger "trg_scorecards_updated_at" for relation "public.interview_scorecards" does not exist, skipping
NOTICE (00000): trigger "trg_criteria_scores_updated_at" for relation "public.scorecard_criteria_scores" does not exist, skipping
NOTICE (00000): trigger "trg_job_offers_updated_at" for relation "public.job_offers" does not exist, skipping
NOTICE (00000): trigger "trg_offer_approvals_updated_at" for relation "public.offer_approvals" does not exist, skipping
NOTICE (00000): trigger "trg_contracts_updated_at" for relation "public.employment_contracts" does not exist, skipping
NOTICE (00000): trigger "trg_signatures_updated_at" for relation "public.contract_signatures" does not exist, skipping
NOTICE (00000): trigger "trg_journeys_updated_at" for relation "public.onboarding_journeys" does not exist, skipping
NOTICE (00000): trigger "trg_onboarding_tasks_updated_at" for relation "public.onboarding_tasks" does not exist, skipping
NOTICE (00000): trigger "trg_provisioning_updated_at" for relation "public.provisioning_requests" does not exist, skipping
Applying migration 0011_audit_security_system.sql...
NOTICE (00000): policy "audit_logs_select" for relation "public.audit_logs" does not exist, skipping
NOTICE (00000): policy "audit_events_select" for relation "public.audit_events" does not exist, skipping
NOTICE (00000): trigger "trg_security_events_updated_at" for relation "public.security_events" does not exist, skipping
NOTICE (00000): policy "security_events_select" for relation "public.security_events" does not exist, skipping
NOTICE (00000): policy "security_events_write" for relation "public.security_events" does not exist, skipping
NOTICE (00000): policy "login_attempts_select" for relation "public.login_identifier_attempts" does not exist, skipping
NOTICE (00000): trigger "trg_credential_vault_updated_at" for relation "public.credential_vault" does not exist, skipping
NOTICE (00000): trigger "trg_pwd_reset_updated_at" for relation "public.password_reset_requests" does not exist, skipping
NOTICE (00000): trigger "trg_settings_updated_at" for relation "public.settings" does not exist, skipping
NOTICE (00000): policy "settings_select" for relation "public.settings" does not exist, skipping
NOTICE (00000): policy "settings_write_own" for relation "public.settings" does not exist, skipping
NOTICE (00000): policy "settings_write_admin" for relation "public.settings" does not exist, skipping
NOTICE (00000): trigger "trg_system_settings_updated_at" for relation "public.system_settings" does not exist, skipping
NOTICE (00000): policy "system_settings_select" for relation "public.system_settings" does not exist, skipping
NOTICE (00000): policy "system_settings_write" for relation "public.system_settings" does not exist, skipping
NOTICE (00000): trigger "trg_system_backups_updated_at" for relation "public.system_backups" does not exist, skipping
NOTICE (00000): policy "system_backups_select" for relation "public.system_backups" does not exist, skipping
NOTICE (00000): policy "system_backups_write" for relation "public.system_backups" does not exist, skipping
NOTICE (00000): trigger "trg_app_errors_updated_at" for relation "public.app_error_events" does not exist, skipping
NOTICE (00000): policy "app_errors_select" for relation "public.app_error_events" does not exist, skipping
NOTICE (00000): policy "app_errors_write" for relation "public.app_error_events" does not exist, skipping
NOTICE (00000): trigger "trg_feature_flags_updated_at" for relation "public.feature_flags" does not exist, skipping
NOTICE (00000): policy "feature_flags_select" for relation "public.feature_flags" does not exist, skipping
NOTICE (00000): policy "feature_flags_write" for relation "public.feature_flags" does not exist, skipping
NOTICE (00000): trigger "trg_integrations_updated_at" for relation "public.integrations" does not exist, skipping
NOTICE (00000): policy "integrations_select" for relation "public.integrations" does not exist, skipping
NOTICE (00000): policy "integrations_write" for relation "public.integrations" does not exist, skipping
NOTICE (00000): policy "integration_logs_select" for relation "public.integration_logs" does not exist, skipping
NOTICE (00000): policy "integration_logs_write" for relation "public.integration_logs" does not exist, skipping
NOTICE (00000): trigger "trg_live_loc_req_updated_at" for relation "public.live_location_requests" does not exist, skipping
NOTICE (00000): policy "live_loc_req_select" for relation "public.live_location_requests" does not exist, skipping
NOTICE (00000): policy "live_loc_req_write" for relation "public.live_location_requests" does not exist, skipping
NOTICE (00000): policy "live_loc_req_respond" for relation "public.live_location_requests" does not exist, skipping
NOTICE (00000): trigger "trg_live_vid_meta_updated_at" for relation "public.live_location_videos_meta" does not exist, skipping
NOTICE (00000): policy "live_vid_meta_select" for relation "public.live_location_videos_meta" does not exist, skipping
NOTICE (00000): policy "live_vid_meta_write" for relation "public.live_location_videos_meta" does not exist, skipping
NOTICE (00000): policy "emp_locations_select" for relation "public.employee_locations" does not exist, skipping
NOTICE (00000): policy "emp_locations_insert" for relation "public.employee_locations" does not exist, skipping
NOTICE (00000): policy "emp_locations_manage" for relation "public.employee_locations" does not exist, skipping
NOTICE (00000): trigger "trg_location_req_updated_at" for relation "public.location_requests" does not exist, skipping
NOTICE (00000): policy "location_req_select" for relation "public.location_requests" does not exist, skipping
NOTICE (00000): policy "location_req_write" for relation "public.location_requests" does not exist, skipping
NOTICE (00000): policy "location_req_fulfill" for relation "public.location_requests" does not exist, skipping
Applying migration 0012_core_p0_hardening.sql...
Applying migration 0013_foundation_access_and_provisioning.sql...
Applying migration 0014_employee_access_canonicalization.sql...
Applying migration 0015_operational_workspaces.sql...
Applying migration 0016_management_overviews_notifications.sql...
Applying migration 0017_live_location_mobile_flow.sql...
NOTICE (00000): policy "live_location_video_upload" for relation "storage.objects" does not exist, skipping
NOTICE (00000): policy "live_location_video_read" for relation "storage.objects" does not exist, skipping
NOTICE (00000): policy "live_location_video_delete" for relation "storage.objects" does not exist, skipping
Applying migration 0018_employee_request_self_service.sql...
Applying migration 0019_kpi_forms_and_attendance_state.sql...
Applying migration 0020_passkey_lifecycle_and_mobile_actions.sql...
Applying migration 0021_mobile_details_and_action_routing.sql...
Applying migration 0022_mobile_daily_workspaces.sql...
NOTICE (00000): trigger "trg_tasks_audit" for relation "public.tasks" does not exist, skipping
NOTICE (00000): trigger "trg_daily_reports_audit" for relation "public.daily_reports" does not exist, skipping
Applying migration 0023_passkey_devices_and_attendance_history.sql...
Applying migration 0024_mobile_notifications_and_action_links.sql...
Applying migration 0025_admin_structure_access_onboarding.sql...
NOTICE (00000): trigger "trg_departments_audit" for relation "public.departments" does not exist, skipping
NOTICE (00000): trigger "trg_positions_audit" for relation "public.positions" does not exist, skipping
NOTICE (00000): trigger "trg_onboarding_journeys_audit" for relation "public.onboarding_journeys" does not exist, skipping
NOTICE (00000): trigger "trg_onboarding_tasks_audit" for relation "public.onboarding_tasks" does not exist, skipping
NOTICE (00000): trigger "trg_job_requisitions_audit" for relation "public.job_requisitions" does not exist, skipping
Applying migration 0026_leave_ledger_and_request_sla.sql...
NOTICE (00000): policy "leave_balance_accounts_select" for relation "public.leave_balance_accounts" does not exist, skipping
NOTICE (00000): policy "leave_ledger_entries_select" for relation "public.leave_ledger_entries" does not exist, skipping
NOTICE (00000): trigger "trg_leave_reserve_on_detail" for relation "public.leave_requests" does not exist, skipping
NOTICE (00000): trigger "trg_leave_settle_on_request_decision" for relation "public.requests" does not exist, skipping
Applying migration 0027_decision_lifecycle_polls_and_execution.sql...
Applying migration 0028_rosters_attendance_periods_and_corrections.sql...
NOTICE (00000): trigger "trg_attendance_periods_updated_at" for relation "public.attendance_periods" does not exist, skipping
NOTICE (00000): trigger "trg_work_rosters_updated_at" for relation "public.work_rosters" does not exist, skipping
NOTICE (00000): trigger "trg_roster_days_updated_at" for relation "public.roster_days" does not exist, skipping
NOTICE (00000): trigger "trg_attendance_corrections_updated_at" for relation "public.attendance_corrections" does not exist, skipping
NOTICE (00000): trigger "trg_overtime_records_updated_at" for relation "public.overtime_records" does not exist, skipping
NOTICE (00000): policy "attendance_periods_read" for relation "public.attendance_periods" does not exist, skipping
NOTICE (00000): policy "work_rosters_read" for relation "public.work_rosters" does not exist, skipping
NOTICE (00000): policy "roster_days_read" for relation "public.roster_days" does not exist, skipping
NOTICE (00000): policy "attendance_corrections_read" for relation "public.attendance_corrections" does not exist, skipping
NOTICE (00000): policy "overtime_records_read" for relation "public.overtime_records" does not exist, skipping
Applying migration 0029_kpi_cycles_evidence_appeals_and_attendance_inputs.sql...
NOTICE (00000): policy "kpi_evidence_read" for relation "public.kpi_evidence" does not exist, skipping
NOTICE (00000): policy "kpi_history_read" for relation "public.kpi_stage_history" does not exist, skipping
NOTICE (00000): policy "kpi_appeals_read" for relation "public.kpi_appeals" does not exist, skipping
NOTICE (00000): trigger "trg_kpi_stage_history" for relation "public.kpi_evaluations" does not exist, skipping
Applying migration 0030_disputes_committee_quorum_decisions_and_appeals.sql...
NOTICE (00000): trigger "trg_dispute_decisions_updated_at" for relation "public.dispute_decisions" does not exist, skipping
NOTICE (00000): trigger "trg_dispute_appeals_updated_at" for relation "public.dispute_appeals" does not exist, skipping
Applying migration 0031_documents_assets_and_offboarding_lifecycle.sql...
NOTICE (42P07): relation "ix_employee_documents_expiry" already exists, skipping
NOTICE (00000): trigger "trg_offboarding_cases_updated_at" for relation "public.offboarding_cases" does not exist, skipping
NOTICE (00000): trigger "trg_offboarding_clearance_items_updated_at" for relation "public.offboarding_clearance_items" does not exist, skipping
NOTICE (00000): trigger "trg_knowledge_transfer_items_updated_at" for relation "public.knowledge_transfer_items" does not exist, skipping
NOTICE (00000): policy "asset_inventory_write" for relation "public.asset_inventory" does not exist, skipping
NOTICE (00000): policy "asset_assignments_write" for relation "public.asset_assignments" does not exist, skipping
NOTICE (00000): policy "offboarding_cases_read" for relation "public.offboarding_cases" does not exist, skipping
Applying migration 0032_mobile_self_service_roster_and_period_hardening.sql...
Applying migration 0033_talent_learning_documents_reports_notifications.sql...
NOTICE (00000): trigger "trg_learning_courses_updated_at" for relation "public.learning_courses" does not exist, skipping
NOTICE (00000): trigger "trg_learning_course_sessions_updated_at" for relation "public.learning_course_sessions" does not exist, skipping
NOTICE (00000): trigger "trg_learning_enrollments_updated_at" for relation "public.learning_enrollments" does not exist, skipping
NOTICE (00000): trigger "trg_document_templates_updated_at" for relation "public.document_templates" does not exist, skipping
NOTICE (00000): trigger "trg_generated_documents_updated_at" for relation "public.generated_documents" does not exist, skipping
NOTICE (00000): trigger "trg_document_signature_requests_updated_at" for relation "public.document_signature_requests" does not exist, skipping
NOTICE (00000): trigger "trg_scheduled_reports_updated_at" for relation "public.scheduled_reports" does not exist, skipping
NOTICE (00000): trigger "trg_notifications_queue_jobs" for relation "public.notifications" does not exist, skipping
Applying migration 0034_private_storage_buckets_and_retention.sql...
NOTICE (00000): policy "employee_documents_storage_read" for relation "storage.objects" does not exist, skipping
NOTICE (00000): policy "employee_documents_storage_write" for relation "storage.objects" does not exist, skipping
NOTICE (00000): policy "candidate_documents_storage_read" for relation "storage.objects" does not exist, skipping
NOTICE (00000): policy "candidate_documents_storage_write" for relation "storage.objects" does not exist, skipping
NOTICE (00000): policy "generated_documents_storage_read" for relation "storage.objects" does not exist, skipping
NOTICE (00000): policy "generated_documents_storage_write" for relation "storage.objects" does not exist, skipping
NOTICE (00000): policy "course_materials_storage_read" for relation "storage.objects" does not exist, skipping
NOTICE (00000): policy "course_materials_storage_write" for relation "storage.objects" does not exist, skipping
NOTICE (00000): policy "live_location_videos_owner_write" for relation "storage.objects" does not exist, skipping
Applying migration 0035_enterprise_strategy_projects_service_governance.sql...
NOTICE (00000): trigger "trg_strategic_objectives_updated_at" for relation "public.strategic_objectives" does not exist, skipping
NOTICE (00000): trigger "trg_objective_key_results_updated_at" for relation "public.objective_key_results" does not exist, skipping
NOTICE (00000): trigger "trg_enterprise_projects_updated_at" for relation "public.enterprise_projects" does not exist, skipping
NOTICE (00000): trigger "trg_project_tasks_updated_at" for relation "public.project_tasks" does not exist, skipping
NOTICE (00000): trigger "trg_enterprise_risks_updated_at" for relation "public.enterprise_risks" does not exist, skipping
NOTICE (00000): trigger "trg_enterprise_incidents_updated_at" for relation "public.enterprise_incidents" does not exist, skipping
NOTICE (00000): trigger "trg_service_catalog_items_updated_at" for relation "public.service_catalog_items" does not exist, skipping
NOTICE (00000): trigger "trg_service_requests_updated_at" for relation "public.service_requests" does not exist, skipping
NOTICE (00000): trigger "trg_enterprise_meetings_updated_at" for relation "public.enterprise_meetings" does not exist, skipping
NOTICE (00000): trigger "trg_quality_cases_updated_at" for relation "public.quality_cases" does not exist, skipping
NOTICE (00000): trigger "trg_corrective_actions_updated_at" for relation "public.corrective_actions" does not exist, skipping
NOTICE (00000): trigger "trg_internal_audits_updated_at" for relation "public.internal_audits" does not exist, skipping
NOTICE (00000): trigger "trg_automation_rules_updated_at" for relation "public.automation_rules" does not exist, skipping
NOTICE (00000): trigger "trg_data_assets_updated_at" for relation "public.data_assets" does not exist, skipping
NOTICE (00000): trigger "trg_data_quality_rules_updated_at" for relation "public.data_quality_rules" does not exist, skipping
NOTICE (00000): trigger "trg_ai_use_cases_updated_at" for relation "public.ai_use_cases" does not exist, skipping
Applying migration 0036_workforce_compensation_payroll_engagement.sql...
NOTICE (00000): trigger "trg_workforce_plans_updated_at" for relation "public.workforce_plans" does not exist, skipping
NOTICE (00000): trigger "trg_salary_structures_updated_at" for relation "public.salary_structures" does not exist, skipping
NOTICE (00000): trigger "trg_employee_compensation_updated_at" for relation "public.employee_compensation" does not exist, skipping
NOTICE (00000): trigger "trg_payroll_runs_updated_at" for relation "public.payroll_runs" does not exist, skipping
NOTICE (00000): trigger "trg_payslips_updated_at" for relation "public.payslips" does not exist, skipping
NOTICE (00000): trigger "trg_employee_loans_updated_at" for relation "public.employee_loans" does not exist, skipping
NOTICE (00000): trigger "trg_engagement_campaigns_updated_at" for relation "public.engagement_campaigns" does not exist, skipping
NOTICE (00000): trigger "trg_wellbeing_requests_updated_at" for relation "public.wellbeing_requests" does not exist, skipping
Applying migration 0037_retention_privacy_and_release_hardening.sql...
NOTICE (00000): trigger "trg_live_video_retention" for relation "public.live_location_videos_meta" does not exist, skipping
NOTICE (00000): policy "live_video_access_logs_read" for relation "public.live_location_video_access_logs" does not exist, skipping
Applying migration 0038_release_access_privacy_integration_governance.sql...
NOTICE (00000): trigger "trg_app_release_policies_updated_at" for relation "public.app_release_policies" does not exist, skipping
NOTICE (00000): policy "app_release_policies_admin_read" for relation "public.app_release_policies" does not exist, skipping
NOTICE (00000): trigger "trg_managed_devices_updated_at" for relation "public.managed_devices" does not exist, skipping
NOTICE (00000): policy "managed_devices_read" for relation "public.managed_devices" does not exist, skipping
NOTICE (00000): trigger "trg_access_review_campaigns_updated_at" for relation "public.access_review_campaigns" does not exist, skipping
NOTICE (00000): trigger "trg_access_review_items_updated_at" for relation "public.access_review_items" does not exist, skipping
NOTICE (00000): policy "access_review_campaigns_read" for relation "public.access_review_campaigns" does not exist, skipping
NOTICE (00000): policy "access_review_items_read" for relation "public.access_review_items" does not exist, skipping
NOTICE (00000): trigger "trg_break_glass_requests_updated_at" for relation "public.break_glass_requests" does not exist, skipping
NOTICE (00000): policy "break_glass_read" for relation "public.break_glass_requests" does not exist, skipping
NOTICE (00000): trigger "trg_privacy_requests_updated_at" for relation "public.privacy_requests" does not exist, skipping
NOTICE (00000): policy "privacy_requests_read" for relation "public.privacy_requests" does not exist, skipping
NOTICE (00000): trigger "trg_integration_outbox_updated_at" for relation "public.integration_outbox" does not exist, skipping
NOTICE (00000): policy "integration_outbox_read" for relation "public.integration_outbox" does not exist, skipping
NOTICE (00000): trigger "trg_app_release_policies_audit" for relation "public.app_release_policies" does not exist, skipping
NOTICE (00000): trigger "trg_managed_devices_audit" for relation "public.managed_devices" does not exist, skipping
NOTICE (00000): trigger "trg_access_review_campaigns_audit" for relation "public.access_review_campaigns" does not exist, skipping
NOTICE (00000): trigger "trg_access_review_items_audit" for relation "public.access_review_items" does not exist, skipping
NOTICE (00000): trigger "trg_break_glass_requests_audit" for relation "public.break_glass_requests" does not exist, skipping
NOTICE (00000): trigger "trg_privacy_requests_audit" for relation "public.privacy_requests" does not exist, skipping
Applying migration 0039_identifier_login_security.sql...
Applying migration 0040_release_0_10_ui_and_identifier_login.sql...
Applying migration 0041_mobile_manager_and_executive_workspaces.sql...
Applying migration 0042_mobile_executive_brief_and_people.sql...
Seeding data from supabase/seed/0001_seed_permissions_roles.sql...
Seeding data from supabase/seed/0002_seed_used_permissions.sql...
failed to send batch: ERROR: function public._seed_grant(unknown, text[], unknown) does not exist (SQLSTATE 42883)
Try rerunning the command with --debug to troubleshoot the error.
DB_RESET_2_EXIT=1
