Resolving dependencies...
Downloading packages...
  _fe_analyzer_shared 85.0.0 (105.0.0 available)
  analyzer 7.7.1 (14.1.0 available)
  app_links 6.4.1 (7.2.1 available)
  app_links_platform_interface 2.0.2 (2.0.4 available)
  async 2.13.0 (2.13.1 available)
  camera 0.11.2+1 (0.12.0+1 available)
  camera_android_camerax 0.6.23+1 (0.7.4+1 available)
  camera_avfoundation 0.9.21+2 (0.10.2 available)
  camera_platform_interface 2.12.0 (2.13.1 available)
  camera_web 0.3.5+3 (0.3.5+4 available)
  characters 1.4.0 (1.4.1 available)
  cross_file 0.3.5+2 (0.3.5+4 available)
  device_info_plus 11.5.0 (13.2.0 available)
  device_info_plus_platform_interface 7.0.3 (8.1.0 available)
  flutter_plugin_android_lifecycle 2.0.31 (2.0.35 available)
  flutter_secure_storage_darwin 0.3.2 (0.4.0 available)
  flutter_secure_storage_windows 4.1.0 (4.2.2 available)
  geolocator 14.0.2 (14.0.3 available)
  geolocator_linux 0.2.4 (0.2.6 available)
  go_router 17.0.0 (17.3.0 available)
  gotrue 2.25.0 (2.26.0 available)
  intl 0.20.2 (0.20.3 available)
  json_annotation 4.9.0 (4.12.0 available)
  leak_tracker 10.0.9 (11.0.2 available)
  leak_tracker_flutter_testing 3.0.9 (3.0.10 available)
  leak_tracker_testing 3.0.1 (3.0.2 available)
  matcher 0.12.17 (0.12.20 available)
  material_color_utilities 0.11.1 (0.13.0 available)
  meta 1.16.0 (1.19.0 available)
  package_config 2.2.0 (3.0.0 available)
  package_info_plus 9.0.1 (10.2.0 available)
  package_info_plus_platform_interface 3.2.1 (4.1.0 available)
  path_provider 2.1.5 (2.1.6 available)
  path_provider_android 2.2.19 (2.3.1 available)
  path_provider_foundation 2.4.2 (2.6.0 available)
  path_provider_linux 2.2.1 (2.2.2 available)
  path_provider_platform_interface 2.1.2 (2.1.3 available)
  realtime_client 2.10.0 (2.11.0 available)
  shared_preferences 2.5.3 (2.5.5 available)
  shared_preferences_android 2.4.13 (2.4.26 available)
  shared_preferences_foundation 2.5.4 (2.5.6 available)
  shared_preferences_platform_interface 2.4.1 (2.4.2 available)
  source_span 1.10.1 (1.10.2 available)
  supabase 2.13.4 (2.14.0 available)
  supabase_flutter 2.15.4 (2.16.0 available)
  test 1.25.15 (1.31.2 available)
  test_api 0.7.4 (0.7.13 available)
  test_core 0.6.8 (0.6.19 available)
  url_launcher_android 6.3.20 (6.3.32 available)
  url_launcher_ios 6.3.4 (6.4.1 available)
  url_launcher_macos 3.2.3 (3.2.5 available)
  url_launcher_web 2.4.1 (2.4.3 available)
  vector_math 2.1.4 (2.4.0 available)
  vm_service 15.0.0 (15.2.0 available)
  win32 5.15.0 (6.3.0 available)
  win32_registry 2.1.0 (3.0.3 available)
  xml 6.6.1 (7.0.1 available)
Got dependencies!
57 packages have newer versions incompatible with dependency constraints.
Try `flutter pub outdated` for more information.
