Support for Android x86 targets will be removed in the next stable release after 3.27. See https://github.com/flutter/flutter/issues/157543 for details.
Running Gradle task 'assembleDebug'...                          

FAILURE: Build failed with an exception.

* Where:
Settings file 'D:\Coder\HR\HR_Platform_2\apps\mobile_flutter\android\settings.gradle.kts' line: 19

* What went wrong:
Error resolving plugin [id: 'dev.flutter.flutter-plugin-loader', version: '1.0.0']
> A problem occurred configuring project ':gradle'.
   > Multiple build operations failed.
         Could not read workspace metadata from C:\Users\Elhamd\.gradle\caches\8.12\transforms\de21c199aa80b9ecdde0e8d25653142c\metadata.bin
         Could not read workspace metadata from C:\Users\Elhamd\.gradle\caches\8.12\transforms\867b0c9b1b844642cb0abbc22a1bc755\metadata.bin
         Could not read workspace metadata from C:\Users\Elhamd\.gradle\caches\8.12\transforms\57f7cd823f335e5a07ba8760cf3fe105\metadata.bin
         Could not read workspace metadata from C:\Users\Elhamd\.gradle\caches\8.12\transforms\575fcb8c5618c4ac9630ca8116076520\metadata.bin
         Could not read workspace metadata from C:\Users\Elhamd\.gradle\caches\8.12\transforms\7edd50f96fbc571575219e03a93cba43\metadata.bin
         Could not read workspace metadata from C:\Users\Elhamd\.gradle\caches\8.12\transforms\6132ff50e849b4328d7c81fa98b027d9\metadata.bin
         Could not read workspace metadata from C:\Users\Elhamd\.gradle\caches\8.12\transforms\bbc1909cd45f9382876520af324dd2df\metadata.bin
         Could not read workspace metadata from C:\Users\Elhamd\.gradle\caches\8.12\transforms\b5964c4626a6ac2924bf9c9a9100adf4\metadata.bin
         Could not read workspace metadata from C:\Users\Elhamd\.gradle\caches\8.12\transforms\e22ac01f360a2f4982af98a193cdd390\metadata.bin
         Could not read workspace metadata from C:\Users\Elhamd\.gradle\caches\8.12\transforms\6e3ef1e9b5601aad3137bf6ac019d12a\metadata.bin
         ...and 2 more failures.
      > Could not read workspace metadata from C:\Users\Elhamd\.gradle\caches\8.12\transforms\de21c199aa80b9ecdde0e8d25653142c\metadata.bin
      > Could not read workspace metadata from C:\Users\Elhamd\.gradle\caches\8.12\transforms\867b0c9b1b844642cb0abbc22a1bc755\metadata.bin
      > Could not read workspace metadata from C:\Users\Elhamd\.gradle\caches\8.12\transforms\57f7cd823f335e5a07ba8760cf3fe105\metadata.bin
      > Could not read workspace metadata from C:\Users\Elhamd\.gradle\caches\8.12\transforms\575fcb8c5618c4ac9630ca8116076520\metadata.bin
      > Could not read workspace metadata from C:\Users\Elhamd\.gradle\caches\8.12\transforms\7edd50f96fbc571575219e03a93cba43\metadata.bin
      > Could not read workspace metadata from C:\Users\Elhamd\.gradle\caches\8.12\transforms\6132ff50e849b4328d7c81fa98b027d9\metadata.bin
      > Could not read workspace metadata from C:\Users\Elhamd\.gradle\caches\8.12\transforms\bbc1909cd45f9382876520af324dd2df\metadata.bin
      > Could not read workspace metadata from C:\Users\Elhamd\.gradle\caches\8.12\transforms\b5964c4626a6ac2924bf9c9a9100adf4\metadata.bin
      > Could not read workspace metadata from C:\Users\Elhamd\.gradle\caches\8.12\transforms\e22ac01f360a2f4982af98a193cdd390\metadata.bin
      > Could not read workspace metadata from C:\Users\Elhamd\.gradle\caches\8.12\transforms\6e3ef1e9b5601aad3137bf6ac019d12a\metadata.bin
      > Could not read workspace metadata from C:\Users\Elhamd\.gradle\caches\8.12\transforms\cb0ed2cc9b7d760feeceebe504bedab6\metadata.bin
      > Could not read workspace metadata from C:\Users\Elhamd\.gradle\caches\8.12\transforms\7190ed9035c2dee883e4569d6a79d6a7\metadata.bin

* Try:
> Run with --stacktrace option to get the stack trace.
> Run with --info or --debug option to get more log output.
> Run with --scan to get full insights.
> Get more help at https://help.gradle.org.

BUILD FAILED in 17s
Running Gradle task 'assembleDebug'...                             18.0s
Gradle task assembleDebug failed with exit code 1
BUILD_EXIT=1
