Analyzing mobile_flutter...                                     
../../runtime/vm/os_thread.cc: 348: error: Could not start thread DartWorker: 22 (The device does not recognize the command.

)
version=3.8.1 (stable) (Wed May 28 00:47:25 2025 -0700) on "windows_x64"
pid=12420, thread=21660, isolate_group=main(0000018142C93FC0), isolate=(nil)(0000000000000000)
os=windows, arch=x64, comp=no, sim=no
isolate_instructions=181413e0000, vm_instructions=7ff7845199c0
fp=9d5bfd1a0, sp=9d5bfd178, pc=7ff7847cdacc
  pc 0x00007ff7847cdacc fp 0x00000009d5bfd1a0 Dart_DetectNullSafety+0x2aba1c
-- End of DumpStackTrace
  pc 0x0000000000000000 fp 0x00000009d5bfe250 sp 0x0000000000000000 [Stub] CallToRuntime
  pc 0x0000018142580e7c fp 0x00000009d5bfe288 sp 0x00000009d5bfe260 [Stub] AllocateUint8Array
  pc 0x0000018141655d02 fp 0x00000009d5bfe3a0 sp 0x00000009d5bfe298 [Optimized] _File@15069316.readAsBytesSync
  pc 0x00000181416bc944 fp 0x00000009d5bfe410 sp 0x00000009d5bfe3b0 [Unoptimized] FileByteStore.get
  pc 0x00000181416bca97 fp 0x00000009d5bfe450 sp 0x00000009d5bfe420 [Unoptimized] EvictingFileByteStore.get
  pc 0x00000181416c28b0 fp 0x00000009d5bfe4c0 sp 0x00000009d5bfe460 [Unoptimized] TimingByteStore.get
  pc 0x00000181416c31ea fp 0x00000009d5bfe510 sp 0x00000009d5bfe4d0 [Unoptimized] MemoryCachingByteStore.get
  pc 0x00000181416c5a80 fp 0x00000009d5bfe590 sp 0x00000009d5bfe520 [Unoptimized] LinkedBundleProvider.get
  pc 0x0000018141d4457b fp 0x00000009d5bfe610 sp 0x00000009d5bfe5a0 [Unoptimized] LibraryContext.load.loadBundle
  pc 0x0000018141d4428a fp 0x00000009d5bfe690 sp 0x00000009d5bfe620 [Unoptimized] LibraryContext.load.loadBundle
  pc 0x0000018141d4428a fp 0x00000009d5bfe710 sp 0x00000009d5bfe6a0 [Unoptimized] LibraryContext.load.loadBundle
  pc 0x0000018141d4428a fp 0x00000009d5bfe790 sp 0x00000009d5bfe720 [Unoptimized] LibraryContext.load.loadBundle
  pc 0x0000018141d4428a fp 0x00000009d5bfe810 sp 0x00000009d5bfe7a0 [Unoptimized] LibraryContext.load.loadBundle
  pc 0x0000018141d430af fp 0x00000009d5bfe850 sp 0x00000009d5bfe820 [Unoptimized] LibraryContext.load.<anonymous closure>
  pc 0x00000181416b125b fp 0x00000009d5bfe8d0 sp 0x00000009d5bfe860 [Unoptimized] PerformanceLog.run
  pc 0x0000018141d42fa1 fp 0x00000009d5bfe960 sp 0x00000009d5bfe8e0 [Unoptimized] LibraryContext.load
  pc 0x0000018141db4819 fp 0x00000009d5bfe9d0 sp 0x00000009d5bfe970 [Unoptimized] AnalysisDriver._produceErrors@26237046.<anonymous closure>.<anonymous closure>
  pc 0x000001814201d7a7 fp 0x00000009d5bfea50 sp 0x00000009d5bfe9e0 [Unoptimized] OperationPerformanceImpl.run
  pc 0x0000018141b025b7 fp 0x00000009d5bfeaf0 sp 0x00000009d5bfea60 [Unoptimized] AnalysisDriver._produceErrors@26237046.<anonymous closure>
  pc 0x000001814201d7a7 fp 0x00000009d5bfeb70 sp 0x00000009d5bfeb00 [Unoptimized] OperationPerformanceImpl.run
  pc 0x0000018141ae022c fp 0x00000009d5bfebc8 sp 0x00000009d5bfeb80 [Unoptimized] AnalysisDriver._produceErrors@26237046
  pc 0x0000018141db62b9 fp 0x00000009d5bfec50 sp 0x00000009d5bfebd8 [Unoptimized] AnalysisDriver.performWork
  pc 0x0000018141dbbafa fp 0x00000009d5bfecd8 sp 0x00000009d5bfec60 [Unoptimized] AnalysisDriverScheduler._run@26237046
  pc 0x0000018142096bec fp 0x00000009d5bfed28 sp 0x00000009d5bfece8 [Unoptimized] _SuspendState@5048458._createAsyncCallbacks@5048458.thenCallback
  pc 0x000001814206d196 fp 0x00000009d5bfeda8 sp 0x00000009d5bfed38 [Unoptimized] _rootRunUnary@5048458
  pc 0x000001814206d48a fp 0x00000009d5bfee10 sp 0x00000009d5bfedb8 [Unoptimized] _rootRunUnary@5048458
  pc 0x00000181416370f5 fp 0x00000009d5bfeea8 sp 0x00000009d5bfee20 [Unoptimized] _CustomZone@5048458.runUnary
  pc 0x00000181420963ef fp 0x00000009d5bfeef8 sp 0x00000009d5bfeeb8 [Unoptimized] _SuspendState@5048458._awaitCompletedFuture@5048458.run
  pc 0x000001814206b263 fp 0x00000009d5bfef70 sp 0x00000009d5bfef08 [Unoptimized] _rootRun@5048458
  pc 0x000001814206b447 fp 0x00000009d5bfefd0 sp 0x00000009d5bfef80 [Unoptimized] _rootRun@5048458
  pc 0x00000181416361b2 fp 0x00000009d5bff060 sp 0x00000009d5bfefe0 [Unoptimized] _CustomZone@5048458.run
  pc 0x00000181416362ce fp 0x00000009d5bff0d0 sp 0x00000009d5bff070 [Unoptimized] _CustomZone@5048458.runGuarded
  pc 0x00000181416363fa fp 0x00000009d5bff110 sp 0x00000009d5bff0e0 [Unoptimized] _CustomZone@5048458.bindCallbackGuarded.<anonymous closure>
  pc 0x00000181420671a2 fp 0x00000009d5bff150 sp 0x00000009d5bff120 [Optimized] _microtaskLoop@5048458
  pc 0x000001814206a9b5 fp 0x00000009d5bff190 sp 0x00000009d5bff160 [Unoptimized] _startMicrotaskLoop@5048458
  pc 0x000001814206ab93 fp 0x00000009d5bff1b8 sp 0x00000009d5bff1a0 [Optimized] _startMicrotaskLoop@5048458
  pc 0x000001814209853b fp 0x00000009d5bff218 sp 0x00000009d5bff1c8 [Optimized] _RawReceivePort@1026248._handleMessage@1026248
  pc 0x00000181425830df fp 0x00000009d5bff340 sp 0x00000009d5bff228 [Stub] InvokeDartCode

Oops; flutter has exited unexpectedly: "Exception: analysis server exited with code -1073740791 and output:
[stderr]   pc 0x0000018141b025b7 fp 0x00000009d5bfeaf0 sp 0x00000009d5bfea60 [Unoptimized] AnalysisDriver._produceErrors@26237046.<anonymous closure>
[stderr]   pc 0x000001814201d7a7 fp 0x00000009d5bfeb70 sp 0x00000009d5bfeb00 [Unoptimized] OperationPerformanceImpl.run
[stderr]   pc 0x0000018141ae022c fp 0x00000009d5bfebc8 sp 0x00000009d5bfeb80 [Unoptimized] AnalysisDriver._produceErrors@26237046
[stderr]   pc 0x0000018141db62b9 fp 0x00000009d5bfec50 sp 0x00000009d5bfebd8 [Unoptimized] AnalysisDriver.performWork
[stderr]   pc 0x0000018141dbbafa fp 0x00000009d5bfecd8 sp 0x00000009d5bfec60 [Unoptimized] AnalysisDriverScheduler._run@26237046
[stderr]   pc 0x0000018142096bec fp 0x00000009d5bfed28 sp 0x00000009d5bfece8 [Unoptimized] _SuspendState@5048458._createAsyncCallbacks@5048458.thenCallback
[stderr]   pc 0x000001814206d196 fp 0x00000009d5bfeda8 sp 0x00000009d5bfed38 [Unoptimized] _rootRunUnary@5048458
[stderr]   pc 0x000001814206d48a fp 0x00000009d5bfee10 sp 0x00000009d5bfedb8 [Unoptimized] _rootRunUnary@5048458
[stderr]   pc 0x00000181416370f5 fp 0x00000009d5bfeea8 sp 0x00000009d5bfee20 [Unoptimized] _CustomZone@5048458.runUnary
[stderr]   pc 0x00000181420963ef fp 0x00000009d5bfeef8 sp 0x00000009d5bfeeb8 [Unoptimized] _SuspendState@5048458._awaitCompletedFuture@5048458.run
[stderr]   pc 0x000001814206b263 fp 0x00000009d5bfef70 sp 0x00000009d5bfef08 [Unoptimized] _rootRun@5048458
[stderr]   pc 0x000001814206b447 fp 0x00000009d5bfefd0 sp 0x00000009d5bfef80 [Unoptimized] _rootRun@5048458
[stderr]   pc 0x00000181416361b2 fp 0x00000009d5bff060 sp 0x00000009d5bfefe0 [Unoptimized] _CustomZone@5048458.run
[stderr]   pc 0x00000181416362ce fp 0x00000009d5bff0d0 sp 0x00000009d5bff070 [Unoptimized] _CustomZone@5048458.runGuarded
[stderr]   pc 0x00000181416363fa fp 0x00000009d5bff110 sp 0x00000009d5bff0e0 [Unoptimized] _CustomZone@5048458.bindCallbackGuarded.<anonymous closure>
[stderr]   pc 0x00000181420671a2 fp 0x00000009d5bff150 sp 0x00000009d5bff120 [Optimized] _microtaskLoop@5048458
[stderr]   pc 0x000001814206a9b5 fp 0x00000009d5bff190 sp 0x00000009d5bff160 [Unoptimized] _startMicrotaskLoop@5048458
[stderr]   pc 0x000001814206ab93 fp 0x00000009d5bff1b8 sp 0x00000009d5bff1a0 [Optimized] _startMicrotaskLoop@5048458
[stderr]   pc 0x000001814209853b fp 0x00000009d5bff218 sp 0x00000009d5bff1c8 [Optimized] _RawReceivePort@1026248._handleMessage@1026248
[stderr]   pc 0x00000181425830df fp 0x00000009d5bff340 sp 0x00000009d5bff228 [Stub] InvokeDartCode".
A crash report has been written to D:\Coder\HR\HR_Platform_2\apps\mobile_flutter\flutter_02.log
This crash may already be reported. Check GitHub for similar crashes.
https://github.com/flutter/flutter/issues?q=is%3Aissue+Exception%3A+analysis+server+exited+with+code+-1073740791+and+output%3A%0A%5Bstderr%5D+++pc+0x0000018141b025b7+fp+0x00000009d5bfeaf0+sp+0x00000009d5bfea60+%5BUnoptimized%5D+AnalysisDriver._produceErrors%4026237046.%3Canonymous+closure%3E%0A%5Bstderr%5D+++pc+0x000001814201d7a7+fp+0x00000009d5bfeb70+sp+0x00000009d5bfeb00+%5BUnoptimized%5D+OperationPerformanceImpl.run%0A%5Bstderr%5D+++pc+0x0000018141ae022c+fp+0x00000009d5bfebc8+sp+0x00000009d5bfeb80+%5BUnoptimized%5D+AnalysisDriver._produceErrors%4026237046%0A%5Bstderr%5D+++pc+0x0000018141db62b9+fp+0x00000009d5bfec50+sp+0x00000009d5bfebd8+%5BUnoptimized%5D+AnalysisDriver.performWork%0A%5Bstderr%5D+++pc+0x0000018141dbbafa+fp+0x00000009d5bfecd8+sp+0x00000009d5bfec60+%5BUnoptimized%5D+AnalysisDriverScheduler._run%4026237046%0A%5Bstderr%5D+++pc+0x0000018142096bec+fp+0x00000009d5bfed28+sp+0x00000009d5bfece8+%5BUnoptimized%5D+_SuspendState%405048458._createAsyncCallbacks%405048458.thenCallback%0A%5Bstderr%5D+++pc+0x000001814206d196+fp+0x00000009d5bfeda8+sp+0x00000009d5bfed38+%5BUnoptimized%5D+_rootRunUnary%405048458%0A%5Bstderr%5D+++pc+0x000001814206d48a+fp+0x00000009d5bfee10+sp+0x00000009d5bfedb8+%5BUnoptimized%5D+_rootRunUnary%405048458%0A%5Bstderr%5D+++pc+0x00000181416370f5+fp+0x00000009d5bfeea8+sp+0x00000009d5bfee20+%5BUnoptimized%5D+_CustomZone%405048458.runUnary%0A%5Bstderr%5D+++pc+0x00000181420963ef+fp+0x00000009d5bfeef8+sp+0x00000009d5bfeeb8+%5BUnoptimized%5D+_SuspendState%405048458._awaitCompletedFuture%405048458.run%0A%5Bstderr%5D+++pc+0x000001814206b263+fp+0x00000009d5bfef70+sp+0x00000009d5bfef08+%5BUnoptimized%5D+_rootRun%405048458%0A%5Bstderr%5D+++pc+0x000001814206b447+fp+0x00000009d5bfefd0+sp+0x00000009d5bfef80+%5BUnoptimized%5D+_rootRun%405048458%0A%5Bstderr%5D+++pc+0x00000181416361b2+fp+0x00000009d5bff060+sp+0x00000009d5bfefe0+%5BUnoptimized%5D+_CustomZone%405048458.run%0A%5Bstderr%5D+++pc+0x00000181416362ce+fp+0x00000009d5bff0d0+sp+0x00000009d5bff070+%5BUnoptimized%5D+_CustomZone%405048458.runGuarded%0A%5Bstderr%5D+++pc+0x00000181416363fa+fp+0x00000009d5bff110+sp+0x00000009d5bff0e0+%5BUnoptimized%5D+_CustomZone%405048458.bindCallbackGuarded.%3Canonymous+closure%3E%0A%5Bstderr%5D+++pc+0x00000181420671a2+fp+0x00000009d5bff150+sp+0x00000009d5bff120+%5BOptimized%5D+_microtaskLoop%405048458%0A%5Bstderr%5D+++pc+0x000001814206a9b5+fp+0x00000009d5bff190+sp+0x00000009d5bff160+%5BUnoptimized%5D+_startMicrotaskLoop%405048458%0A%5Bstderr%5D+++pc+0x000001814206ab93+fp+0x00000009d5bff1b8+sp+0x00000009d5bff1a0+%5BOptimized%5D+_startMicrotaskLoop%405048458%0A%5Bstderr%5D+++pc+0x000001814209853b+fp+0x00000009d5bff218+sp+0x00000009d5bff1c8+%5BOptimized%5D+_RawReceivePort%401026248._handleMessage%401026248%0A%5Bstderr%5D+++pc+0x00000181425830df+fp+0x00000009d5bff340+sp+0x00000009d5bff228+%5BStub%5D+InvokeDartCode

To report your crash to the Flutter team, first read the guide to filing a bug.
https://flutter.dev/to/report-bugs

Create a new GitHub issue by pasting this link into your browser and completing the issue template. Thank you!
https://github.com/flutter/flutter/issues/new?title=%5Btool_crash%5D+_Exception&body=%23%23+Command%0A%60%60%60sh%0Aflutter+analyze%0A%60%60%60%0A%0A%23%23+Steps+to+Reproduce%0A1.+...%0A2.+...%0A3.+...%0A%0A%23%23+Logs%0A_Exception%0A%60%60%60console%0A%0A%60%60%60%0A%60%60%60console%0A%5B%E2%9C%93%5D+Flutter+%28Channel+stable%2C+3.32.8%2C+on+Microsoft+Windows+%5BVersion+10.0.19045.6466%5D%2C+locale+en-US%29+%5B2.7s%5D%0A++++%E2%80%A2+Flutter+version+3.32.8+on+channel+stable+at+C%3A%5Csrc%5Cflutter%0A++++%E2%80%A2+Upstream+repository+https%3A%2F%2Fgithub.com%2Fflutter%2Fflutter.git%0A++++%E2%80%A2+Framework+revision+edada7c56e+%2812+months+ago%29%2C+2025-07-25+14%3A08%3A03+%2B0000%0A++++%E2%80%A2+Engine+revision+ef0cd00091%0A++++%E2%80%A2+Dart+version+3.8.1%0A++++%E2%80%A2+DevTools+version+2.45.1%0A%0A%5B%21%5D+Windows+Version+%28Problem+detected+with+Windows+installation%29+%5B8.4s%5D%0A++++%21+Get-Process+failed+to+complete%0A%0A%5B%21%5D+Android+toolchain+-+develop+for+Android+devices+%28Android+SDK+version+36.0.0%29+%5B2.2s%5D%0A++++%E2%80%A2+Android+SDK+at+C%3A%5CAndroid%5CSdk%0A++++%E2%80%A2+Platform+android-36%2C+build-tools+36.0.0%0A++++%E2%80%A2+ANDROID_HOME+%3D+C%3A%5CUsers%5CElhamd%5CAppData%5CLocal%5CAndroid%5CSdk%0A++++%E2%80%A2+Java+binary+at%3A+C%3A%5CProgram+Files%5CJava%5Cjdk-24.0.2%5Cbin%5Cjava%0A++++++This+JDK+is+specified+by+the+JAVA_HOME+environment+variable.%0A++++++To+manually+set+the+JDK+path%2C+use%3A+%60flutter+config+--jdk-dir%3D%22path%2Fto%2Fjdk%22%60.%0A++++%E2%9C%97+Could+not+determine+java+version%0A%0A%5B%E2%9C%93%5D+Chrome+-+develop+for+the+web+%5B1%2C620ms%5D%0A++++%E2%80%A2+Chrome+at+C%3A%5CProgram+Files%5CGoogle%5CChrome%5CApplication%5Cchrome.exe%0A%0A%5B%E2%9C%97%5D+Visual+Studio+-+develop+Windows+apps+%5B1%2C617ms%5D%0A++++%E2%9C%97+Visual+Studio+not+installed%3B+this+is+necessary+to+develop+Windows+apps.%0A++++++Download+at+https%3A%2F%2Fvisualstudio.microsoft.com%2Fdownloads%2F.%0A++++++Please+install+the+%22Desktop+development+with+C%2B%2B%22+workload%2C+including+all+of+its+default+components%0A%0A%5B%21%5D+Android+Studio+%28version+2025.1.2%29+%5B41ms%5D%0A++++%E2%80%A2+Android+Studio+at+C%3A%5CProgram+Files%5CAndroid%5CAndroid+Studio%0A++++%E2%80%A2+Flutter+plugin+can+be+installed+from%3A%0A++++++%F0%9F%94%A8+https%3A%2F%2Fplugins.jetbrains.com%2Fplugin%2F9212-flutter%0A++++%E2%80%A2+Dart+plugin+can+be+installed+from%3A%0A++++++%F0%9F%94%A8+https%3A%2F%2Fplugins.jetbrains.com%2Fplugin%2F6351-dart%0A++++%E2%9C%97+Unable+to+determine+bundled+Java+version.%0A++++%E2%80%A2+Try+updating+or+re-installing+Android+Studio.%0A%0A%5B%E2%9C%93%5D+VS+Code+%28version+unknown%29+%5B38ms%5D%0A++++%E2%80%A2+VS+Code+at+C%3A%5CUsers%5CElhamd%5CAppData%5CLocal%5CPrograms%5CMicrosoft+VS+Code%0A++++%E2%80%A2+Flutter+extension+version+3.139.20260630%0A++++%E2%9C%97+Unable+to+determine+VS+Code+version.%0A%0A%5B%E2%9C%93%5D+Connected+device+%283+available%29+%5B386ms%5D%0A++++%E2%80%A2+Windows+%28desktop%29+%E2%80%A2+windows+%E2%80%A2+windows-x64++++%E2%80%A2+Microsoft+Windows+%5BVersion+10.0.19045.6466%5D%0A++++%E2%80%A2+Chrome+%28web%29++++++%E2%80%A2+chrome++%E2%80%A2+web-javascript+%E2%80%A2+Google+Chrome+150.0.7871.101%0A++++%E2%80%A2+Edge+%28web%29++++++++%E2%80%A2+edge++++%E2%80%A2+web-javascript+%E2%80%A2+Microsoft+Edge+150.0.4078.65%0A%0A%5B%E2%9C%93%5D+Network+resources+%5B436ms%5D%0A++++%E2%80%A2+All+expected+network+resources+are+available.%0A%0A%21+Doctor+found+issues+in+4+categories.%0A%0A%60%60%60%0A%0A%23%23+Flutter+Application+Metadata%0A%2A%2AType%2A%2A%3A+app%0A%2A%2AVersion%2A%2A%3A+0.10.0%2B10%0A%2A%2AMaterial%2A%2A%3A+true%0A%2A%2AAndroid+X%2A%2A%3A+false%0A%2A%2AModule%2A%2A%3A+false%0A%2A%2APlugin%2A%2A%3A+false%0A%2A%2AAndroid+package%2A%2A%3A+null%0A%2A%2AiOS+bundle+identifier%2A%2A%3A+null%0A%2A%2ACreation+channel%2A%2A%3A+stable%0A%2A%2ACreation+framework+version%2A%2A%3A+edada7c56edf4a183c1735310e123c7f923584f1%0A%23%23%23+Plugins%0Aapp_links-6.4.1%0Acamera_avfoundation-0.9.21%2B2%0Adevice_info_plus-11.5.0%0Aflutter_secure_storage_darwin-0.3.2%0Ageolocator_apple-2.3.14%0Apackage_info_plus-9.0.1%0Apasskeys_darwin-0.4.1%2B1%0Apath_provider_foundation-2.4.2%0Ashared_preferences_foundation-2.5.4%0Aua_client_hints-1.7.0%0Aurl_launcher_ios-6.3.4%0Acamera_android_camerax-0.6.23%2B1%0Aflutter_plugin_android_lifecycle-2.0.31%0Aflutter_secure_storage-10.3.1%0Ageolocator_android-5.0.3%0Apasskeys_android-2.12.2%0Apasskeys_doctor-1.5.1%0Apath_provider_android-2.2.19%0Ashared_preferences_android-2.4.13%0Aurl_launcher_android-6.3.20%0Aurl_launcher_macos-3.2.3%0Aapp_links_linux-1.0.3%0Aflutter_secure_storage_linux-3.0.1%0Ageolocator_linux-0.2.4%0Agtk-2.2.0%0Apath_provider_linux-2.2.1%0Ashared_preferences_linux-2.4.1%0Aurl_launcher_linux-3.2.2%0Aflutter_secure_storage_windows-4.1.0%0Ageolocator_windows-0.2.5%0Apasskeys_windows-0.1.2%2B1%0Apath_provider_windows-2.3.0%0Ashared_preferences_windows-2.4.1%0Aurl_launcher_windows-3.1.5%0Aapp_links_web-1.0.4%0Acamera_web-0.3.5%2B3%0Aflutter_secure_storage_web-2.1.1%0Ageolocator_web-4.1.4%0Apasskeys_web-2.9.2%0Ashared_preferences_web-2.4.3%0Aurl_launcher_web-2.4.1%0A%0A&labels=tool%2Csevere%3A+crash

