Connecting to local database...
psql:/Coder/HR/HR_Platform_2/supabase/tests/0001_core_security_structure.sql:2: NOTICE:  extension "pgtap" already exists, skipping
/Coder/HR/HR_Platform_2/supabase/tests/0001_core_security_structure.sql ........................ ok
/Coder/HR/HR_Platform_2/supabase/tests/0002_foundation_contracts.sql ........................... ok
/Coder/HR/HR_Platform_2/supabase/tests/0003_operational_workspaces.sql ......................... ok
/Coder/HR/HR_Platform_2/supabase/tests/0004_management_overviews.sql ........................... ok
/Coder/HR/HR_Platform_2/supabase/tests/0005_live_location_flow.sql ............................. ok
/Coder/HR/HR_Platform_2/supabase/tests/0006_request_self_service.sql ........................... ok
/Coder/HR/HR_Platform_2/supabase/tests/0007_kpi_attendance_mobile.sql .......................... ok
/Coder/HR/HR_Platform_2/supabase/tests/0008_mobile_details_routing.sql ......................... ok
/Coder/HR/HR_Platform_2/supabase/tests/0009_mobile_daily_workspaces.sql ........................ ok
/Coder/HR/HR_Platform_2/supabase/tests/0010_passkey_revoke_attendance_history.sql .............. 
# Failed test 7: "authenticated still has no direct update privilege on passkey credentials"
#         have: true
#         want: false
# Failed test 8: "authenticated still has no direct insert privilege on attendance events"
#         have: true
#         want: false
# Looks like you failed 2 tests of 8
Failed 2/8 subtests 
/Coder/HR/HR_Platform_2/supabase/tests/0011_mobile_notifications_contract.sql .................. ok
/Coder/HR/HR_Platform_2/supabase/tests/0012_passkey_mobile_action_security.sql ................. 
# Failed test 9: "authenticated cannot create server challenges directly"
# Failed test 10: "authenticated cannot register passkeys directly"
# Failed test 11: "authenticated cannot change passkey trust or counters directly"
# Failed test 12: "authenticated cannot delete passkeys directly"
# Looks like you failed 4 tests of 12
Failed 4/12 subtests 
/Coder/HR/HR_Platform_2/supabase/tests/0013_admin_operations.sql ............................... ok
/Coder/HR/HR_Platform_2/supabase/tests/0014_leave_ledger_contract.sql .......................... ok
/Coder/HR/HR_Platform_2/supabase/tests/0015_decision_lifecycle_contract.sql .................... ok
/Coder/HR/HR_Platform_2/supabase/tests/0016_attendance_operations_contract.sql ................. ok
/Coder/HR/HR_Platform_2/supabase/tests/0017_kpi_advanced_contract.sql .......................... ok
/Coder/HR/HR_Platform_2/supabase/tests/0018_dispute_committee_contract.sql ..................... ok
/Coder/HR/HR_Platform_2/supabase/tests/0019_lifecycle_contract.sql ............................. ok
/Coder/HR/HR_Platform_2/supabase/tests/0020_enterprise_talent_learning_contract.sql ............ ok
/Coder/HR/HR_Platform_2/supabase/tests/0021_enterprise_management_modules.sql .................. ok
/Coder/HR/HR_Platform_2/supabase/tests/0022_workforce_payroll_engagement_contract.sql .......... ok
/Coder/HR/HR_Platform_2/supabase/tests/0023_retention_privacy_contract.sql ..................... ok
/Coder/HR/HR_Platform_2/supabase/tests/0024_release_access_privacy_integration_governance.sql .. ok
/Coder/HR/HR_Platform_2/supabase/tests/0025_identifier_login_security.sql ...................... 
# Failed test 6: "anon cannot read login attempts"
# Failed test 7: "authenticated users cannot read login attempts"
# Looks like you failed 2 tests of 7
Failed 2/7 subtests 
/Coder/HR/HR_Platform_2/supabase/tests/0026_release_0_10_contract.sql .......................... ok
psql:/Coder/HR/HR_Platform_2/supabase/tests/0027_persona_rls_runtime.sql:10: NOTICE:  extension "pgtap" already exists, skipping
/Coder/HR/HR_Platform_2/supabase/tests/0027_persona_rls_runtime.sql ............................ ok
/Coder/HR/HR_Platform_2/supabase/tests/0028_recruitment_interviews_offers_hire.sql ............. ok

Test Summary Report
-------------------
/Coder/HR/HR_Platform_2/supabase/tests/0010_passkey_revoke_attendance_history.sql            (Wstat: 0 Tests: 8 Failed: 2)
  Failed tests:  7-8
/Coder/HR/HR_Platform_2/supabase/tests/0012_passkey_mobile_action_security.sql               (Wstat: 0 Tests: 12 Failed: 4)
  Failed tests:  9-12
/Coder/HR/HR_Platform_2/supabase/tests/0025_identifier_login_security.sql                    (Wstat: 0 Tests: 7 Failed: 2)
  Failed tests:  6-7
Files=28, Tests=324,  4 wallclock secs ( 0.28 usr  0.17 sys +  0.92 cusr  0.43 csys =  1.80 CPU)
Result: FAIL
error running container: exit 1
PGTAP_EXIT=1
