
  [32m[1mVITE[22m v8.1.4[39m  [2mready in [0m[1m1237[22m[2m[0m ms[22m

  [32m➜[39m  [1mLocal[22m:   [36mhttp://127.0.0.1:[1m5180[22m/[39m
[2m4:50:07 PM[22m [36m[1m[vite][22m[39m [32mvite.config.ts changed, restarting server...[39m
[2m4:50:07 PM[22m [36m[1m[vite][22m[39m server restarted.
[2m5:00:54 PM[22m [36m[1m[vite][22m[39m [90m[2m(client)[22m[39m [32mhmr update [39m[2m/src/app/App.tsx, /src/features/auth/AuthProvider.tsx, /src/features/workspaces/WorkspaceShell.tsx[22m
[2m5:00:54 PM[22m [36m[1m[vite][22m[39m [90m[2m(client)[22m[39m [32mhmr update [39m[2m/src/app/App.tsx, /src/features/auth/AuthProvider.tsx, /src/features/workspaces/WorkspaceShell.tsx[22m
[2m5:00:54 PM[22m [36m[1m[vite][22m[39m [90m[2m(client)[22m[39m [32mhmr update [39m[2m/src/app/App.tsx, /src/features/auth/AuthProvider.tsx, /src/features/workspaces/WorkspaceShell.tsx[22m
[2m5:00:54 PM[22m [36m[1m[vite][22m[39m [90m[2m(client)[22m[39m [32mhmr update [39m[2m/src/app/App.tsx, /src/features/auth/AuthProvider.tsx, /src/features/workspaces/WorkspaceShell.tsx[22m
[2m5:00:54 PM[22m [36m[1m[vite][22m[39m [90m[2m(client)[22m[39m [32mhmr update [39m[2m/src/app/App.tsx, /src/features/auth/AuthProvider.tsx, /src/features/workspaces/WorkspaceShell.tsx[22m
[2m5:00:54 PM[22m [36m[1m[vite][22m[39m [90m[2m(client)[22m[39m [32mhmr update [39m[2m/src/app/App.tsx, /src/features/auth/AuthProvider.tsx, /src/features/workspaces/WorkspaceShell.tsx[22m
[2m5:00:54 PM[22m [36m[1m[vite][22m[39m [90m[2m(client)[22m[39m [32mhmr update [39m[2m/src/app/App.tsx, /src/features/auth/AuthProvider.tsx, /src/features/workspaces/WorkspaceShell.tsx[22m
[2m5:00:54 PM[22m [36m[1m[vite][22m[39m [90m[2m(client)[22m[39m [32mhmr update [39m[2m/src/app/App.tsx, /src/features/auth/AuthProvider.tsx, /src/features/workspaces/WorkspaceShell.tsx[22m
[2m5:00:54 PM[22m [36m[1m[vite][22m[39m [90m[2m(client)[22m[39m [32mhmr update [39m[2m/src/app/App.tsx, /src/features/auth/AuthProvider.tsx, /src/features/workspaces/WorkspaceShell.tsx[22m
[2m5:00:54 PM[22m [36m[1m[vite][22m[39m [90m[2m(client)[22m[39m [32mhmr update [39m[2m/src/app/App.tsx, /src/features/auth/AuthProvider.tsx, /src/features/workspaces/WorkspaceShell.tsx[22m
[2m5:00:54 PM[22m [36m[1m[vite][22m[39m [90m[2m(client)[22m[39m [32mhmr update [39m[2m/src/app/App.tsx, /src/features/auth/AuthProvider.tsx, /src/features/workspaces/WorkspaceShell.tsx[22m
[2m5:00:55 PM[22m [36m[1m[vite][22m[39m [90m[2m(client)[22m[39m [32mhmr update [39m[2m/src/app/App.tsx, /src/features/auth/AuthProvider.tsx, /src/features/workspaces/WorkspaceShell.tsx[22m
[2m5:00:55 PM[22m [36m[1m[vite][22m[39m [90m[2m(client)[22m[39m [32mhmr update [39m[2m/src/app/App.tsx, /src/features/auth/AuthProvider.tsx, /src/features/workspaces/WorkspaceShell.tsx[22m
[2m5:00:55 PM[22m [36m[1m[vite][22m[39m [90m[2m(client)[22m[39m [32mhmr update [39m[2m/src/app/App.tsx, /src/features/auth/AuthProvider.tsx, /src/features/workspaces/WorkspaceShell.tsx[22m
[2m5:00:55 PM[22m [36m[1m[vite][22m[39m [90m[2m(client)[22m[39m [32mhmr update [39m[2m/src/app/App.tsx, /src/features/auth/AuthProvider.tsx, /src/features/workspaces/WorkspaceShell.tsx[22m
[2m5:00:55 PM[22m [36m[1m[vite][22m[39m [90m[2m(client)[22m[39m [32mhmr update [39m[2m/src/app/App.tsx, /src/features/auth/AuthProvider.tsx, /src/features/workspaces/WorkspaceShell.tsx[22m
[2m5:00:55 PM[22m [36m[1m[vite][22m[39m [90m[2m(client)[22m[39m [32mhmr update [39m[2m/src/app/App.tsx, /src/features/auth/AuthProvider.tsx, /src/features/workspaces/WorkspaceShell.tsx[22m
[2m5:00:55 PM[22m [36m[1m[vite][22m[39m [90m[2m(client)[22m[39m [32mhmr update [39m[2m/src/app/App.tsx, /src/features/auth/AuthProvider.tsx, /src/features/workspaces/WorkspaceShell.tsx[22m
[2m5:03:45 PM[22m [36m[1m[vite][22m[39m [90m[2m(client)[22m[39m [32mhmr update [39m[2m/src/app/App.tsx, /src/features/auth/AuthProvider.tsx, /src/features/workspaces/WorkspaceShell.tsx[22m
[2m5:03:45 PM[22m [36m[1m[vite][22m[39m [90m[2m(client)[22m[39m [32mhmr update [39m[2m/src/app/App.tsx, /src/features/auth/AuthProvider.tsx, /src/features/workspaces/WorkspaceShell.tsx[22m
[2m5:03:45 PM[22m [36m[1m[vite][22m[39m [90m[2m(client)[22m[39m [32mhmr update [39m[2m/src/app/App.tsx, /src/features/auth/AuthProvider.tsx, /src/features/workspaces/WorkspaceShell.tsx[22m
[2m5:03:45 PM[22m [36m[1m[vite][22m[39m [90m[2m(client)[22m[39m [32mhmr update [39m[2m/src/app/App.tsx, /src/features/auth/AuthProvider.tsx, /src/features/workspaces/WorkspaceShell.tsx[22m
[2m5:03:45 PM[22m [36m[1m[vite][22m[39m [90m[2m(client)[22m[39m [32mhmr update [39m[2m/src/app/App.tsx, /src/features/auth/AuthProvider.tsx, /src/features/workspaces/WorkspaceShell.tsx[22m
[2m5:03:45 PM[22m [36m[1m[vite][22m[39m [90m[2m(client)[22m[39m [32mhmr update [39m[2m/src/app/App.tsx, /src/features/auth/AuthProvider.tsx, /src/features/workspaces/WorkspaceShell.tsx[22m
[2m5:03:45 PM[22m [36m[1m[vite][22m[39m [90m[2m(client)[22m[39m [32mhmr update [39m[2m/src/app/App.tsx, /src/features/auth/AuthProvider.tsx, /src/features/workspaces/WorkspaceShell.tsx[22m
[2m5:03:45 PM[22m [36m[1m[vite][22m[39m [90m[2m(client)[22m[39m [32mhmr update [39m[2m/src/app/App.tsx, /src/features/auth/AuthProvider.tsx, /src/features/workspaces/WorkspaceShell.tsx[22m
[2m5:03:45 PM[22m [36m[1m[vite][22m[39m [90m[2m(client)[22m[39m [32mhmr update [39m[2m/src/app/App.tsx, /src/features/auth/AuthProvider.tsx, /src/features/workspaces/WorkspaceShell.tsx[22m
[2m5:03:45 PM[22m [36m[1m[vite][22m[39m [90m[2m(client)[22m[39m [32mhmr update [39m[2m/src/app/App.tsx, /src/features/auth/AuthProvider.tsx, /src/features/workspaces/WorkspaceShell.tsx[22m
[2m5:03:45 PM[22m [36m[1m[vite][22m[39m [90m[2m(client)[22m[39m [32mhmr update [39m[2m/src/app/App.tsx, /src/features/auth/AuthProvider.tsx, /src/features/workspaces/WorkspaceShell.tsx[22m
[2m5:03:45 PM[22m [36m[1m[vite][22m[39m [90m[2m(client)[22m[39m [32mhmr update [39m[2m/src/app/App.tsx, /src/features/auth/AuthProvider.tsx, /src/features/workspaces/WorkspaceShell.tsx[22m
[2m5:03:45 PM[22m [36m[1m[vite][22m[39m [90m[2m(client)[22m[39m [32mhmr update [39m[2m/src/app/App.tsx, /src/features/auth/AuthProvider.tsx, /src/features/workspaces/WorkspaceShell.tsx[22m
[2m5:03:45 PM[22m [36m[1m[vite][22m[39m [90m[2m(client)[22m[39m [32mhmr update [39m[2m/src/app/App.tsx, /src/features/auth/AuthProvider.tsx, /src/features/workspaces/WorkspaceShell.tsx[22m
[2m5:03:45 PM[22m [36m[1m[vite][22m[39m [90m[2m(client)[22m[39m [32mhmr update [39m[2m/src/app/App.tsx, /src/features/auth/AuthProvider.tsx, /src/features/workspaces/WorkspaceShell.tsx[22m
[2m5:03:45 PM[22m [36m[1m[vite][22m[39m [90m[2m(client)[22m[39m [32mhmr update [39m[2m/src/app/App.tsx, /src/features/auth/AuthProvider.tsx, /src/features/workspaces/WorkspaceShell.tsx[22m
[2m5:03:45 PM[22m [36m[1m[vite][22m[39m [90m[2m(client)[22m[39m [32mhmr update [39m[2m/src/app/App.tsx, /src/features/auth/AuthProvider.tsx, /src/features/workspaces/WorkspaceShell.tsx[22m
[2m5:03:45 PM[22m [36m[1m[vite][22m[39m [90m[2m(client)[22m[39m [32mhmr update [39m[2m/src/app/App.tsx, /src/features/auth/AuthProvider.tsx, /src/features/workspaces/WorkspaceShell.tsx[22m
[2m5:05:20 PM[22m [36m[1m[vite][22m[39m [90m[2m(client)[22m[39m [32mhmr update [39m[2m/src/app/App.tsx, /src/features/auth/AuthProvider.tsx, /src/features/workspaces/WorkspaceShell.tsx[22m
[2m5:05:20 PM[22m [36m[1m[vite][22m[39m [90m[2m(client)[22m[39m [32mhmr update [39m[2m/src/app/App.tsx, /src/features/auth/AuthProvider.tsx, /src/features/workspaces/WorkspaceShell.tsx[22m
[2m5:05:20 PM[22m [36m[1m[vite][22m[39m [90m[2m(client)[22m[39m [32mhmr update [39m[2m/src/app/App.tsx, /src/features/auth/AuthProvider.tsx, /src/features/workspaces/WorkspaceShell.tsx[22m
[2m5:05:20 PM[22m [36m[1m[vite][22m[39m [90m[2m(client)[22m[39m [32mhmr update [39m[2m/src/app/App.tsx, /src/features/auth/AuthProvider.tsx, /src/features/workspaces/WorkspaceShell.tsx[22m
[2m5:05:20 PM[22m [36m[1m[vite][22m[39m [90m[2m(client)[22m[39m [32mhmr update [39m[2m/src/app/App.tsx, /src/features/auth/AuthProvider.tsx, /src/features/workspaces/WorkspaceShell.tsx[22m
[2m5:05:20 PM[22m [36m[1m[vite][22m[39m [90m[2m(client)[22m[39m [32mhmr update [39m[2m/src/app/App.tsx, /src/features/auth/AuthProvider.tsx, /src/features/workspaces/WorkspaceShell.tsx[22m
[2m5:05:20 PM[22m [36m[1m[vite][22m[39m [90m[2m(client)[22m[39m [32mhmr update [39m[2m/src/app/App.tsx, /src/features/auth/AuthProvider.tsx, /src/features/workspaces/WorkspaceShell.tsx[22m
[2m5:05:20 PM[22m [36m[1m[vite][22m[39m [90m[2m(client)[22m[39m [32mhmr update [39m[2m/src/app/App.tsx, /src/features/auth/AuthProvider.tsx, /src/features/workspaces/WorkspaceShell.tsx[22m
[2m5:05:21 PM[22m [36m[1m[vite][22m[39m [90m[2m(client)[22m[39m [32mhmr update [39m[2m/src/app/App.tsx, /src/features/auth/AuthProvider.tsx, /src/features/workspaces/WorkspaceShell.tsx[22m
[2m5:05:21 PM[22m [36m[1m[vite][22m[39m [90m[2m(client)[22m[39m [32mhmr update [39m[2m/src/app/App.tsx, /src/features/auth/AuthProvider.tsx, /src/features/workspaces/WorkspaceShell.tsx[22m
[2m5:05:21 PM[22m [36m[1m[vite][22m[39m [90m[2m(client)[22m[39m [32mhmr update [39m[2m/src/app/App.tsx, /src/features/auth/AuthProvider.tsx, /src/features/workspaces/WorkspaceShell.tsx[22m
[2m5:05:21 PM[22m [36m[1m[vite][22m[39m [90m[2m(client)[22m[39m [32mhmr update [39m[2m/src/app/App.tsx, /src/features/auth/AuthProvider.tsx, /src/features/workspaces/WorkspaceShell.tsx[22m
[2m5:05:21 PM[22m [36m[1m[vite][22m[39m [90m[2m(client)[22m[39m [32mhmr update [39m[2m/src/app/App.tsx, /src/features/auth/AuthProvider.tsx, /src/features/workspaces/WorkspaceShell.tsx[22m
[2m5:05:21 PM[22m [36m[1m[vite][22m[39m [90m[2m(client)[22m[39m [32mhmr update [39m[2m/src/app/App.tsx, /src/features/auth/AuthProvider.tsx, /src/features/workspaces/WorkspaceShell.tsx[22m
[2m5:05:21 PM[22m [36m[1m[vite][22m[39m [90m[2m(client)[22m[39m [32mhmr update [39m[2m/src/app/App.tsx, /src/features/auth/AuthProvider.tsx, /src/features/workspaces/WorkspaceShell.tsx[22m
[2m5:05:21 PM[22m [36m[1m[vite][22m[39m [90m[2m(client)[22m[39m [32mhmr update [39m[2m/src/app/App.tsx, /src/features/auth/AuthProvider.tsx, /src/features/workspaces/WorkspaceShell.tsx[22m
[2m5:05:21 PM[22m [36m[1m[vite][22m[39m [90m[2m(client)[22m[39m [32mhmr update [39m[2m/src/app/App.tsx, /src/features/auth/AuthProvider.tsx, /src/features/workspaces/WorkspaceShell.tsx[22m
[2m5:05:21 PM[22m [36m[1m[vite][22m[39m [90m[2m(client)[22m[39m [32mhmr update [39m[2m/src/app/App.tsx, /src/features/auth/AuthProvider.tsx, /src/features/workspaces/WorkspaceShell.tsx[22m
[2m5:06:06 PM[22m [36m[1m[vite][22m[39m [90m[2m(client)[22m[39m [32mhmr update [39m[2m/src/app/App.tsx, /src/features/auth/AuthProvider.tsx, /src/features/workspaces/WorkspaceShell.tsx[22m
[2m5:06:06 PM[22m [36m[1m[vite][22m[39m [90m[2m(client)[22m[39m [32mhmr update [39m[2m/src/app/App.tsx, /src/features/auth/AuthProvider.tsx, /src/features/workspaces/WorkspaceShell.tsx[22m
[2m5:06:07 PM[22m [36m[1m[vite][22m[39m [90m[2m(client)[22m[39m [32mhmr update [39m[2m/src/app/App.tsx, /src/features/auth/AuthProvider.tsx, /src/features/workspaces/WorkspaceShell.tsx[22m
[2m5:06:07 PM[22m [36m[1m[vite][22m[39m [90m[2m(client)[22m[39m [32mhmr update [39m[2m/src/app/App.tsx, /src/features/auth/AuthProvider.tsx, /src/features/workspaces/WorkspaceShell.tsx[22m
[2m5:06:07 PM[22m [36m[1m[vite][22m[39m [90m[2m(client)[22m[39m [32mhmr update [39m[2m/src/app/App.tsx, /src/features/auth/AuthProvider.tsx, /src/features/workspaces/WorkspaceShell.tsx[22m
[2m5:06:07 PM[22m [36m[1m[vite][22m[39m [90m[2m(client)[22m[39m [32mhmr update [39m[2m/src/app/App.tsx, /src/features/auth/AuthProvider.tsx, /src/features/workspaces/WorkspaceShell.tsx[22m
[2m5:06:07 PM[22m [36m[1m[vite][22m[39m [90m[2m(client)[22m[39m [32mhmr update [39m[2m/src/app/App.tsx, /src/features/auth/AuthProvider.tsx, /src/features/workspaces/WorkspaceShell.tsx[22m
[2m5:06:07 PM[22m [36m[1m[vite][22m[39m [90m[2m(client)[22m[39m [32mhmr update [39m[2m/src/app/App.tsx, /src/features/auth/AuthProvider.tsx, /src/features/workspaces/WorkspaceShell.tsx[22m
[2m5:06:07 PM[22m [36m[1m[vite][22m[39m [90m[2m(client)[22m[39m [32mhmr update [39m[2m/src/app/App.tsx, /src/features/auth/AuthProvider.tsx, /src/features/workspaces/WorkspaceShell.tsx[22m
[2m5:06:07 PM[22m [36m[1m[vite][22m[39m [90m[2m(client)[22m[39m [32mhmr update [39m[2m/src/app/App.tsx, /src/features/auth/AuthProvider.tsx, /src/features/workspaces/WorkspaceShell.tsx[22m
[2m5:06:07 PM[22m [36m[1m[vite][22m[39m [90m[2m(client)[22m[39m [32mhmr update [39m[2m/src/app/App.tsx, /src/features/auth/AuthProvider.tsx, /src/features/workspaces/WorkspaceShell.tsx[22m
[2m5:06:08 PM[22m [36m[1m[vite][22m[39m [90m[2m(client)[22m[39m [32mhmr update [39m[2m/src/app/App.tsx, /src/features/auth/AuthProvider.tsx, /src/features/workspaces/WorkspaceShell.tsx[22m
[2m5:06:08 PM[22m [36m[1m[vite][22m[39m [90m[2m(client)[22m[39m [32mhmr update [39m[2m/src/app/App.tsx, /src/features/auth/AuthProvider.tsx, /src/features/workspaces/WorkspaceShell.tsx[22m
[2m5:06:08 PM[22m [36m[1m[vite][22m[39m [90m[2m(client)[22m[39m [32mhmr update [39m[2m/src/app/App.tsx, /src/features/auth/AuthProvider.tsx, /src/features/workspaces/WorkspaceShell.tsx[22m
[2m5:06:08 PM[22m [36m[1m[vite][22m[39m [90m[2m(client)[22m[39m [32mhmr update [39m[2m/src/app/App.tsx, /src/features/auth/AuthProvider.tsx, /src/features/workspaces/WorkspaceShell.tsx[22m
[2m5:06:08 PM[22m [36m[1m[vite][22m[39m [90m[2m(client)[22m[39m [32mhmr update [39m[2m/src/app/App.tsx, /src/features/auth/AuthProvider.tsx, /src/features/workspaces/WorkspaceShell.tsx[22m
[2m5:06:08 PM[22m [36m[1m[vite][22m[39m [90m[2m(client)[22m[39m [32mhmr update [39m[2m/src/app/App.tsx, /src/features/auth/AuthProvider.tsx, /src/features/workspaces/WorkspaceShell.tsx[22m
[2m5:06:08 PM[22m [36m[1m[vite][22m[39m [90m[2m(client)[22m[39m [32mhmr update [39m[2m/src/app/App.tsx, /src/features/auth/AuthProvider.tsx, /src/features/workspaces/WorkspaceShell.tsx[22m
[2m5:07:16 PM[22m [36m[1m[vite][22m[39m [90m[2m(client)[22m[39m [32mhmr update [39m[2m/src/app/App.tsx, /src/features/auth/AuthProvider.tsx, /src/features/workspaces/WorkspaceShell.tsx[22m
[2m5:07:16 PM[22m [36m[1m[vite][22m[39m [90m[2m(client)[22m[39m [32mhmr update [39m[2m/src/app/App.tsx, /src/features/auth/AuthProvider.tsx, /src/features/workspaces/WorkspaceShell.tsx[22m
[2m5:07:16 PM[22m [36m[1m[vite][22m[39m [90m[2m(client)[22m[39m [32mhmr update [39m[2m/src/app/App.tsx, /src/features/auth/AuthProvider.tsx, /src/features/workspaces/WorkspaceShell.tsx[22m
[2m5:07:16 PM[22m [36m[1m[vite][22m[39m [90m[2m(client)[22m[39m [32mhmr update [39m[2m/src/app/App.tsx, /src/features/auth/AuthProvider.tsx, /src/features/workspaces/WorkspaceShell.tsx[22m
[2m5:07:16 PM[22m [36m[1m[vite][22m[39m [90m[2m(client)[22m[39m [32mhmr update [39m[2m/src/app/App.tsx, /src/features/auth/AuthProvider.tsx, /src/features/workspaces/WorkspaceShell.tsx[22m
[2m5:07:16 PM[22m [36m[1m[vite][22m[39m [90m[2m(client)[22m[39m [32mhmr update [39m[2m/src/app/App.tsx, /src/features/auth/AuthProvider.tsx, /src/features/workspaces/WorkspaceShell.tsx[22m
[2m5:07:17 PM[22m [36m[1m[vite][22m[39m [90m[2m(client)[22m[39m [32mhmr update [39m[2m/src/app/App.tsx, /src/features/auth/AuthProvider.tsx, /src/features/workspaces/WorkspaceShell.tsx[22m
[2m5:07:17 PM[22m [36m[1m[vite][22m[39m [90m[2m(client)[22m[39m [32mhmr update [39m[2m/src/app/App.tsx, /src/features/auth/AuthProvider.tsx, /src/features/workspaces/WorkspaceShell.tsx[22m
[2m5:07:17 PM[22m [36m[1m[vite][22m[39m [90m[2m(client)[22m[39m [32mhmr update [39m[2m/src/app/App.tsx, /src/features/auth/AuthProvider.tsx, /src/features/workspaces/WorkspaceShell.tsx[22m
[2m5:07:17 PM[22m [36m[1m[vite][22m[39m [90m[2m(client)[22m[39m [32mhmr update [39m[2m/src/app/App.tsx, /src/features/auth/AuthProvider.tsx, /src/features/workspaces/WorkspaceShell.tsx[22m
[2m5:07:17 PM[22m [36m[1m[vite][22m[39m [90m[2m(client)[22m[39m [32mhmr update [39m[2m/src/app/App.tsx, /src/features/auth/AuthProvider.tsx, /src/features/workspaces/WorkspaceShell.tsx[22m
[2m5:07:17 PM[22m [36m[1m[vite][22m[39m [90m[2m(client)[22m[39m [32mhmr update [39m[2m/src/app/App.tsx, /src/features/auth/AuthProvider.tsx, /src/features/workspaces/WorkspaceShell.tsx[22m
[2m5:07:17 PM[22m [36m[1m[vite][22m[39m [90m[2m(client)[22m[39m [32mhmr update [39m[2m/src/app/App.tsx, /src/features/auth/AuthProvider.tsx, /src/features/workspaces/WorkspaceShell.tsx[22m
[2m5:07:17 PM[22m [36m[1m[vite][22m[39m [90m[2m(client)[22m[39m [32mhmr update [39m[2m/src/app/App.tsx, /src/features/auth/AuthProvider.tsx, /src/features/workspaces/WorkspaceShell.tsx[22m
[2m5:07:17 PM[22m [36m[1m[vite][22m[39m [90m[2m(client)[22m[39m [32mhmr update [39m[2m/src/app/App.tsx, /src/features/auth/AuthProvider.tsx, /src/features/workspaces/WorkspaceShell.tsx[22m
[2m5:07:17 PM[22m [36m[1m[vite][22m[39m [90m[2m(client)[22m[39m [32mhmr update [39m[2m/src/app/App.tsx, /src/features/auth/AuthProvider.tsx, /src/features/workspaces/WorkspaceShell.tsx[22m
[2m5:07:17 PM[22m [36m[1m[vite][22m[39m [90m[2m(client)[22m[39m [32mhmr update [39m[2m/src/app/App.tsx, /src/features/auth/AuthProvider.tsx, /src/features/workspaces/WorkspaceShell.tsx[22m
[2m5:07:17 PM[22m [36m[1m[vite][22m[39m [90m[2m(client)[22m[39m [32mhmr update [39m[2m/src/app/App.tsx, /src/features/auth/AuthProvider.tsx, /src/features/workspaces/WorkspaceShell.tsx[22m
[2m5:08:14 PM[22m [36m[1m[vite][22m[39m [90m[2m(client)[22m[39m [32mpage reload [39m[2mplaywright-report/index.html[22m
[2m5:11:52 PM[22m [36m[1m[vite][22m[39m [90m[2m(client)[22m[39m [32mhmr update [39m[2m/src/app/App.tsx, /src/features/auth/AuthProvider.tsx, /src/features/workspaces/WorkspaceShell.tsx[22m
[2m5:11:52 PM[22m [36m[1m[vite][22m[39m [90m[2m(client)[22m[39m [32mhmr update [39m[2m/src/app/App.tsx, /src/features/auth/AuthProvider.tsx, /src/features/workspaces/WorkspaceShell.tsx[22m
[2m5:11:52 PM[22m [36m[1m[vite][22m[39m [90m[2m(client)[22m[39m [32mhmr update [39m[2m/src/app/App.tsx, /src/features/auth/AuthProvider.tsx, /src/features/workspaces/WorkspaceShell.tsx[22m
[2m5:11:52 PM[22m [36m[1m[vite][22m[39m [90m[2m(client)[22m[39m [32mhmr update [39m[2m/src/app/App.tsx, /src/features/auth/AuthProvider.tsx, /src/features/workspaces/WorkspaceShell.tsx[22m
[2m5:11:52 PM[22m [36m[1m[vite][22m[39m [90m[2m(client)[22m[39m [32mhmr update [39m[2m/src/app/App.tsx, /src/features/auth/AuthProvider.tsx, /src/features/workspaces/WorkspaceShell.tsx[22m
[2m5:11:52 PM[22m [36m[1m[vite][22m[39m [90m[2m(client)[22m[39m [32mhmr update [39m[2m/src/app/App.tsx, /src/features/auth/AuthProvider.tsx, /src/features/workspaces/WorkspaceShell.tsx[22m
[2m5:11:52 PM[22m [36m[1m[vite][22m[39m [90m[2m(client)[22m[39m [32mhmr update [39m[2m/src/app/App.tsx, /src/features/auth/AuthProvider.tsx, /src/features/workspaces/WorkspaceShell.tsx[22m
[2m5:11:52 PM[22m [36m[1m[vite][22m[39m [90m[2m(client)[22m[39m [32mhmr update [39m[2m/src/app/App.tsx, /src/features/auth/AuthProvider.tsx, /src/features/workspaces/WorkspaceShell.tsx[22m
[2m5:11:52 PM[22m [36m[1m[vite][22m[39m [90m[2m(client)[22m[39m [32mhmr update [39m[2m/src/app/App.tsx, /src/features/auth/AuthProvider.tsx, /src/features/workspaces/WorkspaceShell.tsx[22m
[2m5:11:52 PM[22m [36m[1m[vite][22m[39m [90m[2m(client)[22m[39m [32mhmr update [39m[2m/src/app/App.tsx, /src/features/auth/AuthProvider.tsx, /src/features/workspaces/WorkspaceShell.tsx[22m
[2m5:11:52 PM[22m [36m[1m[vite][22m[39m [90m[2m(client)[22m[39m [32mhmr update [39m[2m/src/app/App.tsx, /src/features/auth/AuthProvider.tsx, /src/features/workspaces/WorkspaceShell.tsx[22m
[2m5:11:52 PM[22m [36m[1m[vite][22m[39m [90m[2m(client)[22m[39m [32mhmr update [39m[2m/src/app/App.tsx, /src/features/auth/AuthProvider.tsx, /src/features/workspaces/WorkspaceShell.tsx[22m
[2m5:11:52 PM[22m [36m[1m[vite][22m[39m [90m[2m(client)[22m[39m [32mhmr update [39m[2m/src/app/App.tsx, /src/features/auth/AuthProvider.tsx, /src/features/workspaces/WorkspaceShell.tsx[22m
[2m5:11:53 PM[22m [36m[1m[vite][22m[39m [90m[2m(client)[22m[39m [32mhmr update [39m[2m/src/app/App.tsx, /src/features/auth/AuthProvider.tsx, /src/features/workspaces/WorkspaceShell.tsx[22m
[2m5:11:53 PM[22m [36m[1m[vite][22m[39m [90m[2m(client)[22m[39m [32mhmr update [39m[2m/src/app/App.tsx, /src/features/auth/AuthProvider.tsx, /src/features/workspaces/WorkspaceShell.tsx[22m
[2m5:11:53 PM[22m [36m[1m[vite][22m[39m [90m[2m(client)[22m[39m [32mhmr update [39m[2m/src/app/App.tsx, /src/features/auth/AuthProvider.tsx, /src/features/workspaces/WorkspaceShell.tsx[22m
[2m5:11:53 PM[22m [36m[1m[vite][22m[39m [90m[2m(client)[22m[39m [32mhmr update [39m[2m/src/app/App.tsx, /src/features/auth/AuthProvider.tsx, /src/features/workspaces/WorkspaceShell.tsx[22m
[2m5:11:53 PM[22m [36m[1m[vite][22m[39m [90m[2m(client)[22m[39m [32mhmr update [39m[2m/src/app/App.tsx, /src/features/auth/AuthProvider.tsx, /src/features/workspaces/WorkspaceShell.tsx[22m
[2m5:16:06 PM[22m [36m[1m[vite][22m[39m [90m[2m(client)[22m[39m [32mhmr update [39m[2m/src/app/App.tsx, /src/features/auth/AuthProvider.tsx, /src/features/workspaces/WorkspaceShell.tsx[22m
[2m5:16:06 PM[22m [36m[1m[vite][22m[39m [90m[2m(client)[22m[39m [32mhmr update [39m[2m/src/app/App.tsx, /src/features/auth/AuthProvider.tsx, /src/features/workspaces/WorkspaceShell.tsx[22m
[2m5:16:06 PM[22m [36m[1m[vite][22m[39m [90m[2m(client)[22m[39m [32mhmr update [39m[2m/src/app/App.tsx, /src/features/auth/AuthProvider.tsx, /src/features/workspaces/WorkspaceShell.tsx[22m
[2m5:16:06 PM[22m [36m[1m[vite][22m[39m [90m[2m(client)[22m[39m [32mhmr update [39m[2m/src/app/App.tsx, /src/features/auth/AuthProvider.tsx, /src/features/workspaces/WorkspaceShell.tsx[22m
[2m5:16:06 PM[22m [36m[1m[vite][22m[39m [90m[2m(client)[22m[39m [32mhmr update [39m[2m/src/app/App.tsx, /src/features/auth/AuthProvider.tsx, /src/features/workspaces/WorkspaceShell.tsx[22m
[2m5:16:06 PM[22m [36m[1m[vite][22m[39m [90m[2m(client)[22m[39m [32mhmr update [39m[2m/src/app/App.tsx, /src/features/auth/AuthProvider.tsx, /src/features/workspaces/WorkspaceShell.tsx[22m
[2m5:16:06 PM[22m [36m[1m[vite][22m[39m [90m[2m(client)[22m[39m [32mhmr update [39m[2m/src/app/App.tsx, /src/features/auth/AuthProvider.tsx, /src/features/workspaces/WorkspaceShell.tsx[22m
[2m5:16:06 PM[22m [36m[1m[vite][22m[39m [90m[2m(client)[22m[39m [32mhmr update [39m[2m/src/app/App.tsx, /src/features/auth/AuthProvider.tsx, /src/features/workspaces/WorkspaceShell.tsx[22m
[2m5:16:06 PM[22m [36m[1m[vite][22m[39m [90m[2m(client)[22m[39m [32mhmr update [39m[2m/src/app/App.tsx, /src/features/auth/AuthProvider.tsx, /src/features/workspaces/WorkspaceShell.tsx[22m
[2m5:16:06 PM[22m [36m[1m[vite][22m[39m [90m[2m(client)[22m[39m [32mhmr update [39m[2m/src/app/App.tsx, /src/features/auth/AuthProvider.tsx, /src/features/workspaces/WorkspaceShell.tsx[22m
[2m5:16:06 PM[22m [36m[1m[vite][22m[39m [90m[2m(client)[22m[39m [32mhmr update [39m[2m/src/app/App.tsx, /src/features/auth/AuthProvider.tsx, /src/features/workspaces/WorkspaceShell.tsx[22m
[2m5:16:06 PM[22m [36m[1m[vite][22m[39m [90m[2m(client)[22m[39m [32mhmr update [39m[2m/src/app/App.tsx, /src/features/auth/AuthProvider.tsx, /src/features/workspaces/WorkspaceShell.tsx[22m
[2m5:16:06 PM[22m [36m[1m[vite][22m[39m [90m[2m(client)[22m[39m [32mhmr update [39m[2m/src/app/App.tsx, /src/features/auth/AuthProvider.tsx, /src/features/workspaces/WorkspaceShell.tsx[22m
[2m5:16:06 PM[22m [36m[1m[vite][22m[39m [90m[2m(client)[22m[39m [32mhmr update [39m[2m/src/app/App.tsx, /src/features/auth/AuthProvider.tsx, /src/features/workspaces/WorkspaceShell.tsx[22m
[2m5:16:06 PM[22m [36m[1m[vite][22m[39m [90m[2m(client)[22m[39m [32mhmr update [39m[2m/src/app/App.tsx, /src/features/auth/AuthProvider.tsx, /src/features/workspaces/WorkspaceShell.tsx[22m
[2m5:16:06 PM[22m [36m[1m[vite][22m[39m [90m[2m(client)[22m[39m [32mhmr update [39m[2m/src/app/App.tsx, /src/features/auth/AuthProvider.tsx, /src/features/workspaces/WorkspaceShell.tsx[22m
[2m5:16:06 PM[22m [36m[1m[vite][22m[39m [90m[2m(client)[22m[39m [32mhmr update [39m[2m/src/app/App.tsx, /src/features/auth/AuthProvider.tsx, /src/features/workspaces/WorkspaceShell.tsx[22m
[2m5:16:06 PM[22m [36m[1m[vite][22m[39m [90m[2m(client)[22m[39m [32mhmr update [39m[2m/src/app/App.tsx, /src/features/auth/AuthProvider.tsx, /src/features/workspaces/WorkspaceShell.tsx[22m
[2m5:19:20 PM[22m [36m[1m[vite][22m[39m [90m[2m(client)[22m[39m [32mhmr update [39m[2m/src/app/App.tsx, /src/features/auth/AuthProvider.tsx, /src/features/workspaces/WorkspaceShell.tsx[22m
[2m5:19:20 PM[22m [36m[1m[vite][22m[39m [90m[2m(client)[22m[39m [32mhmr update [39m[2m/src/app/App.tsx, /src/features/auth/AuthProvider.tsx, /src/features/workspaces/WorkspaceShell.tsx[22m
[2m5:19:20 PM[22m [36m[1m[vite][22m[39m [90m[2m(client)[22m[39m [32mhmr update [39m[2m/src/app/App.tsx, /src/features/auth/AuthProvider.tsx, /src/features/workspaces/WorkspaceShell.tsx[22m
[2m5:19:20 PM[22m [36m[1m[vite][22m[39m [90m[2m(client)[22m[39m [32mhmr update [39m[2m/src/app/App.tsx, /src/features/auth/AuthProvider.tsx, /src/features/workspaces/WorkspaceShell.tsx[22m
[2m5:19:20 PM[22m [36m[1m[vite][22m[39m [90m[2m(client)[22m[39m [32mhmr update [39m[2m/src/app/App.tsx, /src/features/auth/AuthProvider.tsx, /src/features/workspaces/WorkspaceShell.tsx[22m
[2m5:19:20 PM[22m [36m[1m[vite][22m[39m [90m[2m(client)[22m[39m [32mhmr update [39m[2m/src/app/App.tsx, /src/features/auth/AuthProvider.tsx, /src/features/workspaces/WorkspaceShell.tsx[22m
[2m5:19:21 PM[22m [36m[1m[vite][22m[39m [90m[2m(client)[22m[39m [32mhmr update [39m[2m/src/app/App.tsx, /src/features/auth/AuthProvider.tsx, /src/features/workspaces/WorkspaceShell.tsx[22m
[2m5:19:21 PM[22m [36m[1m[vite][22m[39m [90m[2m(client)[22m[39m [32mhmr update [39m[2m/src/app/App.tsx, /src/features/auth/AuthProvider.tsx, /src/features/workspaces/WorkspaceShell.tsx[22m
[2m5:19:21 PM[22m [36m[1m[vite][22m[39m [90m[2m(client)[22m[39m [32mhmr update [39m[2m/src/app/App.tsx, /src/features/auth/AuthProvider.tsx, /src/features/workspaces/WorkspaceShell.tsx[22m
[2m5:19:21 PM[22m [36m[1m[vite][22m[39m [90m[2m(client)[22m[39m [32mhmr update [39m[2m/src/app/App.tsx, /src/features/auth/AuthProvider.tsx, /src/features/workspaces/WorkspaceShell.tsx[22m
[2m5:19:21 PM[22m [36m[1m[vite][22m[39m [90m[2m(client)[22m[39m [32mhmr update [39m[2m/src/app/App.tsx, /src/features/auth/AuthProvider.tsx, /src/features/workspaces/WorkspaceShell.tsx[22m
[2m5:19:21 PM[22m [36m[1m[vite][22m[39m [90m[2m(client)[22m[39m [32mhmr update [39m[2m/src/app/App.tsx, /src/features/auth/AuthProvider.tsx, /src/features/workspaces/WorkspaceShell.tsx[22m
[2m5:19:21 PM[22m [36m[1m[vite][22m[39m [90m[2m(client)[22m[39m [32mhmr update [39m[2m/src/app/App.tsx, /src/features/auth/AuthProvider.tsx, /src/features/workspaces/WorkspaceShell.tsx[22m
[2m5:19:21 PM[22m [36m[1m[vite][22m[39m [90m[2m(client)[22m[39m [32mhmr update [39m[2m/src/app/App.tsx, /src/features/auth/AuthProvider.tsx, /src/features/workspaces/WorkspaceShell.tsx[22m
[2m5:19:21 PM[22m [36m[1m[vite][22m[39m [90m[2m(client)[22m[39m [32mhmr update [39m[2m/src/app/App.tsx, /src/features/auth/AuthProvider.tsx, /src/features/workspaces/WorkspaceShell.tsx[22m
[2m5:19:21 PM[22m [36m[1m[vite][22m[39m [90m[2m(client)[22m[39m [32mhmr update [39m[2m/src/app/App.tsx, /src/features/auth/AuthProvider.tsx, /src/features/workspaces/WorkspaceShell.tsx[22m
[2m5:19:21 PM[22m [36m[1m[vite][22m[39m [90m[2m(client)[22m[39m [32mhmr update [39m[2m/src/app/App.tsx, /src/features/auth/AuthProvider.tsx, /src/features/workspaces/WorkspaceShell.tsx[22m
[2m5:19:21 PM[22m [36m[1m[vite][22m[39m [90m[2m(client)[22m[39m [32mhmr update [39m[2m/src/app/App.tsx, /src/features/auth/AuthProvider.tsx, /src/features/workspaces/WorkspaceShell.tsx[22m
[2m5:21:05 PM[22m [36m[1m[vite][22m[39m [90m[2m(client)[22m[39m [32mpage reload [39m[2mplaywright-report/index.html[22m
[2m5:21:05 PM[22m [36m[1m[vite][22m[39m [90m[2m(client)[22m[39m [32mpage reload [39m[2mplaywright-report/index.html[22m
[2m5:24:22 PM[22m [36m[1m[vite][22m[39m [90m[2m(client)[22m[39m [32mpage reload [39m[2mplaywright-report/index.html[22m
[2m5:24:22 PM[22m [36m[1m[vite][22m[39m [90m[2m(client)[22m[39m [32mpage reload [39m[2mplaywright-report/index.html[22m
[2m5:24:22 PM[22m [36m[1m[vite][22m[39m [90m[2m(client)[22m[39m [32mpage reload [39m[2mplaywright-report/index.html[22m
[2m5:24:22 PM[22m [36m[1m[vite][22m[39m [90m[2m(client)[22m[39m [32mpage reload [39m[2mplaywright-report/index.html[22m
[2m5:36:06 PM[22m [36m[1m[vite][22m[39m [90m[2m(client)[22m[39m [32mpage reload [39m[2mplaywright-report/index.html[22m
[2m5:36:06 PM[22m [36m[1m[vite][22m[39m [90m[2m(client)[22m[39m [32mpage reload [39m[2mplaywright-report/index.html[22m
